[    0.000000] Initializing cgroup subsys cpuset
[    0.000000] Initializing cgroup subsys cpu
[    0.000000] Initializing cgroup subsys cpuacct
[    0.000000] Linux version 4.4.0-151-generic (buildd@lgw01-amd64-043) (gcc version 5.4.0 20160609 (Ubuntu 5.4.0-6ubuntu1~16.04.10) ) #178-Ubuntu SMP Tue Jun 11 08:30:22 UTC 2019 (Ubuntu 4.4.0-151.178-generic 4.4.179)
[    0.000000] Command line: BOOT_IMAGE=/boot/vmlinuz-4.4.0-151-generic root=LABEL=cloudimg-rootfs ro console=tty1 console=ttyS0
[    0.000000] KERNEL supported cpus:
[    0.000000]   Intel GenuineIntel
[    0.000000]   AMD AuthenticAMD
[    0.000000]   Centaur CentaurHauls
[    0.000000] x86/fpu: xstate_offset[2]:  576, xstate_sizes[2]:  256
[    0.000000] x86/fpu: Supporting XSAVE feature 0x01: 'x87 floating point registers'
[    0.000000] x86/fpu: Supporting XSAVE feature 0x02: 'SSE registers'
[    0.000000] x86/fpu: Supporting XSAVE feature 0x04: 'AVX registers'
[    0.000000] x86/fpu: Enabled xstate features 0x7, context size is 832 bytes, using 'standard' format.
[    0.000000] e820: BIOS-provided physical RAM map:
[    0.000000] BIOS-e820: [mem 0x0000000000000000-0x000000000009fbff] usable
[    0.000000] BIOS-e820: [mem 0x000000000009fc00-0x000000000009ffff] reserved
[    0.000000] BIOS-e820: [mem 0x00000000000f0000-0x00000000000fffff] reserved
[    0.000000] BIOS-e820: [mem 0x0000000000100000-0x000000003e7effff] usable
[    0.000000] BIOS-e820: [mem 0x000000003e7f0000-0x000000003e7fffff] ACPI data
[    0.000000] BIOS-e820: [mem 0x00000000fec00000-0x00000000fec00fff] reserved
[    0.000000] BIOS-e820: [mem 0x00000000fee00000-0x00000000fee00fff] reserved
[    0.000000] BIOS-e820: [mem 0x00000000fffc0000-0x00000000ffffffff] reserved
[    0.000000] NX (Execute Disable) protection: active
[    0.000000] SMBIOS 2.5 present.
[    0.000000] Hypervisor detected: KVM
[    0.000000] e820: last_pfn = 0x3e7f0 max_arch_pfn = 0x400000000
[    0.000000] MTRR: Disabled
[    0.000000] x86/PAT: MTRRs disabled, skipping PAT initialization too.
[    0.000000] CPU MTRRs all blank - virtualized system.
[    0.000000] x86/PAT: Configuration [0-7]: WB  WT  UC- UC  WB  WT  UC- UC  
[    0.000000] found SMP MP-table at [mem 0x0009fff0-0x0009ffff] mapped at [ffff88000009fff0]
[    0.000000] Scanning 1 areas for low memory corruption
[    0.000000] RAMDISK: [mem 0x362fc000-0x37175fff]
[    0.000000] ACPI: Early table checksum verification disabled
[    0.000000] ACPI: RSDP 0x00000000000E0000 000024 (v02 VBOX  )
[    0.000000] ACPI: XSDT 0x000000003E7F0030 00003C (v01 VBOX   VBOXXSDT 00000001 ASL  00000061)
[    0.000000] ACPI: FACP 0x000000003E7F00F0 0000F4 (v04 VBOX   VBOXFACP 00000001 ASL  00000061)
[    0.000000] ACPI: DSDT 0x000000003E7F0470 0022EA (v02 VBOX   VBOXBIOS 00000002 INTL 20190703)
[    0.000000] ACPI: FACS 0x000000003E7F0200 000040
[    0.000000] ACPI: FACS 0x000000003E7F0200 000040
[    0.000000] ACPI: APIC 0x000000003E7F0240 000054 (v02 VBOX   VBOXAPIC 00000001 ASL  00000061)
[    0.000000] ACPI: SSDT 0x000000003E7F02A0 0001CC (v01 VBOX   VBOXCPUT 00000002 INTL 20190703)
[    0.000000] No NUMA configuration found
[    0.000000] Faking a node at [mem 0x0000000000000000-0x000000003e7effff]
[    0.000000] NODE_DATA(0) allocated [mem 0x3e7eb000-0x3e7effff]
[    0.000000] kvm-clock: Using msrs 4b564d01 and 4b564d00
[    0.000000] kvm-clock: cpu 0, msr 0:3e7e3001, primary cpu clock
[    0.000000] kvm-clock: using sched offset of 3366364119 cycles
[    0.000000] clocksource: kvm-clock: mask: 0xffffffffffffffff max_cycles: 0x1cd42e4dffb, max_idle_ns: 881590591483 ns
[    0.000000] Zone ranges:
[    0.000000]   DMA      [mem 0x0000000000001000-0x0000000000ffffff]
[    0.000000]   DMA32    [mem 0x0000000001000000-0x000000003e7effff]
[    0.000000]   Normal   empty
[    0.000000]   Device   empty
[    0.000000] Movable zone start for each node
[    0.000000] Early memory node ranges
[    0.000000]   node   0: [mem 0x0000000000001000-0x000000000009efff]
[    0.000000]   node   0: [mem 0x0000000000100000-0x000000003e7effff]
[    0.000000] Initmem setup node 0 [mem 0x0000000000001000-0x000000003e7effff]
[    0.000000] ACPI: PM-Timer IO Port: 0x4008
[    0.000000] IOAPIC[0]: apic_id 1, version 32, address 0xfec00000, GSI 0-23
[    0.000000] ACPI: INT_SRC_OVR (bus 0 bus_irq 0 global_irq 2 dfl dfl)
[    0.000000] ACPI: INT_SRC_OVR (bus 0 bus_irq 9 global_irq 9 low level)
[    0.000000] Using ACPI (MADT) for SMP configuration information
[    0.000000] smpboot: Allowing 1 CPUs, 0 hotplug CPUs
[    0.000000] PM: Registered nosave memory: [mem 0x00000000-0x00000fff]
[    0.000000] PM: Registered nosave memory: [mem 0x0009f000-0x0009ffff]
[    0.000000] PM: Registered nosave memory: [mem 0x000a0000-0x000effff]
[    0.000000] PM: Registered nosave memory: [mem 0x000f0000-0x000fffff]
[    0.000000] e820: [mem 0x3e800000-0xfebfffff] available for PCI devices
[    0.000000] Booting paravirtualized kernel on KVM
[    0.000000] clocksource: refined-jiffies: mask: 0xffffffff max_cycles: 0xffffffff, max_idle_ns: 7645519600211568 ns
[    0.000000] setup_percpu: NR_CPUS:512 nr_cpumask_bits:512 nr_cpu_ids:1 nr_node_ids:1
[    0.000000] PERCPU: Embedded 34 pages/cpu @ffff88003e400000 s99480 r8192 d31592 u2097152
[    0.000000] Built 1 zonelists in Node order, mobility grouping on.  Total pages: 251864
[    0.000000] Policy zone: DMA32
[    0.000000] Kernel command line: BOOT_IMAGE=/boot/vmlinuz-4.4.0-151-generic root=LABEL=cloudimg-rootfs ro console=tty1 console=ttyS0
[    0.000000] PID hash table entries: 4096 (order: 3, 32768 bytes)
[    0.000000] Memory: 973296K/1023544K available (8613K kernel code, 1335K rwdata, 4028K rodata, 1484K init, 1284K bss, 50248K reserved, 0K cma-reserved)
[    0.000000] SLUB: HWalign=64, Order=0-3, MinObjects=0, CPUs=1, Nodes=1
[    0.000000] Kernel/User page tables isolation: enabled
[    0.000000] Hierarchical RCU implementation.
[    0.000000] 	Build-time adjustment of leaf fanout to 64.
[    0.000000] 	RCU restricting CPUs from NR_CPUS=512 to nr_cpu_ids=1.
[    0.000000] RCU: Adjusting geometry for rcu_fanout_leaf=64, nr_cpu_ids=1
[    0.000000] NR_IRQS:33024 nr_irqs:256 16
[    0.000000] Console: colour VGA+ 80x25
[    0.000000] console [tty1] enabled
[    0.000000] console [ttyS0] enabled
[    0.000000] tsc: Detected 2194.914 MHz processor
[    0.166708] Calibrating delay loop (skipped) preset value.. 4389.82 BogoMIPS (lpj=8779656)
[    0.168474] pid_max: default: 32768 minimum: 301
[    0.169372] ACPI: Core revision 20150930
[    0.171275] ACPI: 2 ACPI AML tables successfully acquired and loaded
[    0.172661] Security Framework initialized
[    0.173566] Yama: becoming mindful.
[    0.174450] AppArmor: AppArmor initialized
[    0.175401] Dentry cache hash table entries: 131072 (order: 8, 1048576 bytes)
[    0.177893] Inode-cache hash table entries: 65536 (order: 7, 524288 bytes)
[    0.179426] Mount-cache hash table entries: 2048 (order: 2, 16384 bytes)
[    0.180672] Mountpoint-cache hash table entries: 2048 (order: 2, 16384 bytes)
[    0.182233] Initializing cgroup subsys io
[    0.183081] Initializing cgroup subsys memory
[    0.184003] Initializing cgroup subsys devices
[    0.184932] Initializing cgroup subsys freezer
[    0.185896] Initializing cgroup subsys net_cls
[    0.186808] Initializing cgroup subsys perf_event
[    0.187756] Initializing cgroup subsys net_prio
[    0.188701] Initializing cgroup subsys hugetlb
[    0.189652] Initializing cgroup subsys pids
[    0.191666] mce: CPU supports 0 MCE banks
[    0.192537] process: using mwait in idle threads
[    0.193552] Last level iTLB entries: 4KB 64, 2MB 8, 4MB 8
[    0.194898] Last level dTLB entries: 4KB 64, 2MB 0, 4MB 0, 1GB 4
[    0.196079] Spectre V2 : Mitigation: Full generic retpoline
[    0.197147] Spectre V2 : Spectre v2 / SpectreRSB mitigation: Filling RSB on context switch
[    0.198856] Speculative Store Bypass: Vulnerable
[    0.199909] MDS: Vulnerable: Clear CPU buffers attempted, no microcode
[    0.228890] Freeing SMP alternatives memory: 36K
[    0.235995] ftrace: allocating 32299 entries in 127 pages
[    0.301250] smpboot: APIC(0) Converting physical 0 to logical package 0
[    0.302564] smpboot: Max logical packages: 1
[    0.303736] x2apic enabled
[    0.304662] Switched APIC routing to physical x2apic.
[    0.306790] ..TIMER: vector=0x30 apic1=0 pin1=2 apic2=-1 pin2=-1
[    0.413397] smpboot: CPU0: Intel(R) Core(TM) i5-5200U CPU @ 2.20GHz (family: 0x6, model: 0x3d, stepping: 0x4)
[    0.415555] Performance Events: unsupported p6 CPU model 61 no PMU driver, software events only.
[    0.428838] KVM setup paravirtual spinlock
[    0.430482] x86: Booted up 1 node, 1 CPUs
[    0.431335] smpboot: Total of 1 processors activated (4389.82 BogoMIPS)
[    0.432833] devtmpfs: initialized
[    0.435045] evm: security.selinux
[    0.435792] evm: security.SMACK64
[    0.436555] evm: security.SMACK64EXEC
[    0.437388] evm: security.SMACK64TRANSMUTE
[    0.438306] evm: security.SMACK64MMAP
[    0.439142] evm: security.ima
[    0.439839] evm: security.capability
[    0.440761] clocksource: jiffies: mask: 0xffffffff max_cycles: 0xffffffff, max_idle_ns: 7645041785100000 ns
[    0.442682] futex hash table entries: 256 (order: 2, 16384 bytes)
[    0.443976] pinctrl core: initialized pinctrl subsystem
[    0.445108] RTC time: 15:06:44, date: 07/23/19
[    0.446230] NET: Registered protocol family 16
[    0.447336] cpuidle: using governor ladder
[    0.448217] cpuidle: using governor menu
[    0.449040] PCCT header not found.
[    0.449865] ACPI: bus type PCI registered
[    0.450756] acpiphp: ACPI Hot Plug PCI Controller Driver version: 0.5
[    0.452034] PCI: Using configuration type 1 for base access
[    0.454480] ACPI: Added _OSI(Module Device)
[    0.455330] ACPI: Added _OSI(Processor Device)
[    0.456263] ACPI: Added _OSI(3.0 _SCP Extensions)
[    0.457254] ACPI: Added _OSI(Processor Aggregator Device)
[    0.458803] ACPI: Executed 1 blocks of module-level executable AML code
[    0.462023] ACPI: Interpreter enabled
[    0.462818] ACPI: (supports S0 S5)
[    0.463566] ACPI: Using IOAPIC for interrupt routing
[    0.464709] PCI: Using host bridge windows from ACPI; if necessary, use "pci=nocrs" and report a bug
[    0.469597] ACPI: PCI Root Bridge [PCI0] (domain 0000 [bus 00-ff])
[    0.470720] acpi PNP0A03:00: _OSC: OS supports [ASPM ClockPM Segments MSI]
[    0.472341] acpi PNP0A03:00: _OSC: not requesting OS control; OS requires [ExtendedConfig ASPM ClockPM MSI]
[    0.474245] acpi PNP0A03:00: fail to add MMCONFIG information, can't access extended PCI configuration space under this bridge.
[    0.476581] PCI host bridge to bus 0000:00
[    0.477421] pci_bus 0000:00: root bus resource [io  0x0000-0x0cf7 window]
[    0.478645] pci_bus 0000:00: root bus resource [io  0x0d00-0xffff window]
[    0.479847] pci_bus 0000:00: root bus resource [mem 0x000a0000-0x000bffff window]
[    0.481366] pci_bus 0000:00: root bus resource [mem 0x3e800000-0xfdffffff window]
[    0.482949] pci_bus 0000:00: root bus resource [bus 00-ff]
[    0.485407] pci 0000:00:01.1: legacy IDE quirk: reg 0x10: [io  0x01f0-0x01f7]
[    0.486710] pci 0000:00:01.1: legacy IDE quirk: reg 0x14: [io  0x03f6]
[    0.487895] pci 0000:00:01.1: legacy IDE quirk: reg 0x18: [io  0x0170-0x0177]
[    0.489246] pci 0000:00:01.1: legacy IDE quirk: reg 0x1c: [io  0x0376]
[    0.506469] pci 0000:00:07.0: quirk: [io  0x4000-0x403f] claimed by PIIX4 ACPI
[    0.508070] pci 0000:00:07.0: quirk: [io  0x4100-0x410f] claimed by PIIX4 SMB
[    0.529352] ACPI: PCI Interrupt Link [LNKA] (IRQs 5 9 10 *11)
[    0.531179] ACPI: PCI Interrupt Link [LNKB] (IRQs 5 9 *10 11)
[    0.532782] ACPI: PCI Interrupt Link [LNKC] (IRQs 5 *9 10 11)
[    0.534487] ACPI: PCI Interrupt Link [LNKD] (IRQs 5 9 10 *11)
[    0.536205] ACPI: Enabled 2 GPEs in block 00 to 07
[    0.537560] vgaarb: setting as boot device: PCI:0000:00:02.0
[    0.538733] vgaarb: device added: PCI:0000:00:02.0,decodes=io+mem,owns=io+mem,locks=none
[    0.540356] vgaarb: loaded
[    0.541078] vgaarb: bridge control possible 0000:00:02.0
[    0.542372] SCSI subsystem initialized
[    0.543278] ACPI: bus type USB registered
[    0.544189] usbcore: registered new interface driver usbfs
[    0.545248] usbcore: registered new interface driver hub
[    0.546331] usbcore: registered new device driver usb
[    0.547522] PCI: Using ACPI for IRQ routing
[    0.548715] NetLabel: Initializing
[    0.549474] NetLabel:  domain hash size = 128
[    0.550431] NetLabel:  protocols = UNLABELED CIPSOv4
[    0.551453] NetLabel:  unlabeled traffic allowed by default
[    0.552611] amd_nb: Cannot enumerate AMD northbridges
[    0.553647] clocksource: Switched to clocksource kvm-clock
[    0.560732] AppArmor: AppArmor Filesystem Enabled
[    0.561842] pnp: PnP ACPI init
[    0.563263] pnp: PnP ACPI: found 3 devices
[    0.570419] clocksource: acpi_pm: mask: 0xffffff max_cycles: 0xffffff, max_idle_ns: 2085701024 ns
[    0.572289] NET: Registered protocol family 2
[    0.573337] TCP established hash table entries: 8192 (order: 4, 65536 bytes)
[    0.574685] TCP bind hash table entries: 8192 (order: 5, 131072 bytes)
[    0.575911] TCP: Hash tables configured (established 8192 bind 8192)
[    0.577054] UDP hash table entries: 512 (order: 2, 16384 bytes)
[    0.578168] UDP-Lite hash table entries: 512 (order: 2, 16384 bytes)
[    0.579363] NET: Registered protocol family 1
[    0.580272] pci 0000:00:00.0: Limiting direct PCI/PCI transfers
[    0.581381] pci 0000:00:01.0: Activating ISA DMA hang workarounds
[    0.582624] Unpacking initramfs...
[    0.808365] Freeing initrd memory: 14824K
[    0.809443] RAPL PMU detected, API unit is 2^-32 Joules, 4 fixed counters 10737418240 ms ovfl timer
[    0.811323] hw unit of domain pp0-core 2^-0 Joules
[    0.812309] hw unit of domain package 2^-0 Joules
[    0.813270] hw unit of domain dram 2^-0 Joules
[    0.814286] hw unit of domain pp1-gpu 2^-0 Joules
[    0.815265] clocksource: tsc: mask: 0xffffffffffffffff max_cycles: 0x1fa36e579bf, max_idle_ns: 440795269840 ns
[    0.817269] platform rtc_cmos: registered platform RTC device (no PNP device found)
[    0.818963] Scanning for low memory corruption every 60 seconds
[    0.820340] audit: initializing netlink subsys (disabled)
[    0.821435] audit: type=2000 audit(1563894409.391:1): initialized
[    0.822941] Initialise system trusted keyring
[    0.823982] HugeTLB registered 2 MB page size, pre-allocated 0 pages
[    0.827107] zbud: loaded
[    0.828118] VFS: Disk quotas dquot_6.6.0
[    0.829026] VFS: Dquot-cache hash table entries: 512 (order 0, 4096 bytes)
[    0.830633] squashfs: version 4.0 (2009/01/31) Phillip Lougher
[    0.832025] fuse init (API version 7.23)
[    0.833006] Key type big_key registered
[    0.833850] Allocating IMA MOK and blacklist keyrings.
[    0.835990] Key type asymmetric registered
[    0.837545] Asymmetric key parser 'x509' registered
[    0.838603] Block layer SCSI generic (bsg) driver version 0.4 loaded (major 249)
[    0.840221] io scheduler noop registered
[    0.841090] io scheduler deadline registered (default)
[    0.842200] io scheduler cfq registered
[    0.843199] pci_hotplug: PCI Hot Plug PCI Core version: 0.5
[    0.844581] pciehp: PCI Express Hot Plug Controller Driver version: 0.4
[    0.846250] ACPI: AC Adapter [AC] (on-line)
[    0.847232] input: Power Button as /devices/LNXSYSTM:00/LNXPWRBN:00/input/input0
[    0.848975] ACPI: Power Button [PWRF]
[    0.850091] input: Sleep Button as /devices/LNXSYSTM:00/LNXSLPBN:00/input/input1
[    0.851653] ACPI: Sleep Button [SLPF]
[    0.853121] ACPI: Battery Slot [BAT0] (battery present)
[    0.854278] GHES: HEST is not enabled!
[    0.855339] Serial: 8250/16550 driver, 32 ports, IRQ sharing enabled
[    0.877153] 00:02: ttyS0 at I/O 0x3f8 (irq = 4, base_baud = 115200) is a 16550A
[    0.886820] Linux agpgart interface v0.103
[    0.888798] loop: module loaded
[    0.890147] scsi host0: ata_piix
[    0.891020] scsi host1: ata_piix
[    0.891794] ata1: PATA max UDMA/33 cmd 0x1f0 ctl 0x3f6 bmdma 0xd000 irq 14
[    0.893051] ata2: PATA max UDMA/33 cmd 0x170 ctl 0x376 bmdma 0xd008 irq 15
[    0.895437] libphy: Fixed MDIO Bus: probed
[    0.896354] tun: Universal TUN/TAP device driver, 1.6
[    0.897353] tun: (C) 1999-2004 Max Krasnyansky <maxk@qualcomm.com>
[    0.898647] PPP generic driver version 2.4.2
[    0.899597] ehci_hcd: USB 2.0 'Enhanced' Host Controller (EHCI) Driver
[    0.900859] ehci-pci: EHCI PCI platform driver
[    0.901850] ehci-platform: EHCI generic platform driver
[    0.902960] ohci_hcd: USB 1.1 'Open' Host Controller (OHCI) Driver
[    0.904195] ohci-pci: OHCI PCI platform driver
[    0.905145] ohci-platform: OHCI generic platform driver
[    0.906271] uhci_hcd: USB Universal Host Controller Interface driver
[    0.907582] i8042: PNP: PS/2 Controller [PNP0303:PS2K,PNP0f03:PS2M] at 0x60,0x64 irq 1,12
[    0.909782] serio: i8042 KBD port at 0x60,0x64 irq 1
[    0.910860] serio: i8042 AUX port at 0x60,0x64 irq 12
[    0.912303] mousedev: PS/2 mouse device common for all mice
[    0.913664] input: AT Translated Set 2 keyboard as /devices/platform/i8042/serio0/input/input2
[    0.917283] rtc_cmos rtc_cmos: rtc core: registered rtc_cmos as rtc0
[    0.918769] rtc_cmos rtc_cmos: alarms up to one day, 114 bytes nvram
[    0.920026] i2c /dev entries driver
[    0.920894] device-mapper: uevent: version 1.0.3
[    0.921879] device-mapper: ioctl: 4.34.0-ioctl (2015-10-28) initialised: dm-devel@redhat.com
[    0.923632] ledtrig-cpu: registered to indicate activity on CPUs
[    0.925029] NET: Registered protocol family 10
[    0.926090] NET: Registered protocol family 17
[    0.927070] Key type dns_resolver registered
[    0.928576] registered taskstats version 1
[    0.929435] Loading compiled-in X.509 certificates
[    0.931096] Loaded X.509 cert 'Build time autogenerated kernel key: 7ba2dee60acc6d70f0ebdb64460d59d2cf8df5ff'
[    0.932962] zswap: loaded using pool lzo/zbud
[    0.935388] Key type trusted registered
[    0.939024] Key type encrypted registered
[    0.939895] AppArmor: AppArmor sha1 policy hashing enabled
[    0.941034] ima: No TPM chip found, activating TPM-bypass!
[    0.942043] ima: Allocated hash algorithm: sha1
[    0.943059] evm: HMAC attrs: 0x1
[    0.944080]   Magic number: 11:390:134
[    0.945184] pci 0000:00:03.0: hash matches
[    0.946106] rtc_cmos rtc_cmos: setting system clock to 2019-07-23 15:06:45 UTC (1563894405)
[    0.947936] BIOS EDD facility v0.16 2004-Jun-25, 0 devices found
[    0.949117] EDD information not available.
[    1.051451] Freeing unused kernel memory: 1484K
[    1.052380] Write protecting the kernel read-only data: 14336k
[    1.053936] Freeing unused kernel memory: 1616K
[    1.055070] Freeing unused kernel memory: 68K
Loading, please wait...
starting version 229
[    1.068909] random: udevadm: uninitialized urandom read (16 bytes read, 3 bits of entropy available)
[    1.071362] random: systemd-udevd: uninitialized urandom read (16 bytes read, 3 bits of entropy available)
[    1.073479] random: systemd-udevd: uninitialized urandom read (16 bytes read, 3 bits of entropy available)
[    1.075434] random: systemd-udevd: uninitialized urandom read (16 bytes read, 3 bits of entropy available)
[    1.077531] random: systemd-udevd: uninitialized urandom read (16 bytes read, 3 bits of entropy available)
[    1.079946] random: udevadm: uninitialized urandom read (16 bytes read, 3 bits of entropy available)
[    1.089051] random: systemd-udevd: uninitialized urandom read (16 bytes read, 3 bits of entropy available)
[    1.092270] random: udevadm: uninitialized urandom read (16 bytes read, 3 bits of entropy available)
[    1.094971] random: systemd-udevd: uninitialized urandom read (16 bytes read, 3 bits of entropy available)
[    1.097070] random: systemd-udevd: uninitialized urandom read (16 bytes read, 3 bits of entropy available)
[    1.169677] e1000: Intel(R) PRO/1000 Network Driver - version 7.3.21-k8-NAPI
[    1.180491] e1000: Copyright (c) 1999-2006 Intel Corporation.
[    1.187815] Fusion MPT base driver 3.04.20
[    1.189025] Copyright (c) 1999-2008 LSI Corporation
[    1.217916] Fusion MPT SPI Host driver 3.04.20
[    1.245934] mptbase: ioc0: Initiating bringup
[    1.250441] AVX2 version of gcm_enc/dec engaged.
[    1.251812] AES CTR mode by8 optimization enabled
[    1.314445] ioc0: LSI53C1030 A0: Capabilities={Initiator}
[    1.403827] input: ImExPS/2 Generic Explorer Mouse as /devices/platform/i8042/serio1/input/input4
[    1.480509] scsi host2: ioc0: LSI53C1030 A0, FwRev=00000000h, Ports=1, MaxQ=256, IRQ=20
[    1.597889] scsi 2:0:0:0: Direct-Access     VBOX     HARDDISK         1.0  PQ: 0 ANSI: 5
[    1.601685] scsi target2:0:0: Beginning Domain Validation
[    1.605156] scsi target2:0:0: Domain Validation skipping write tests
[    1.607692] scsi target2:0:0: Ending Domain Validation
[    1.610181] scsi target2:0:0: asynchronous
[    1.612341] scsi 2:0:1:0: Direct-Access     VBOX     HARDDISK         1.0  PQ: 0 ANSI: 5
[    1.614104] scsi target2:0:1: Beginning Domain Validation
[    1.616250] scsi target2:0:1: Domain Validation skipping write tests
[    1.617481] scsi target2:0:1: Ending Domain Validation
[    1.637080] scsi target2:0:1: asynchronous
[    1.766221] sd 2:0:0:0: Attached scsi generic sg0 type 0
[    1.767484] sd 2:0:0:0: [sda] 20971520 512-byte logical blocks: (10.7 GB/10.0 GiB)
[    1.770727] sd 2:0:1:0: [sdb] 20480 512-byte logical blocks: (10.5 MB/10.0 MiB)
[    1.772507] sd 2:0:1:0: Attached scsi generic sg1 type 0
[    1.773826] sd 2:0:0:0: [sda] Write Protect is off
[    1.774972] sd 2:0:1:0: [sdb] Write Protect is off
[    1.776133] sd 2:0:1:0: [sdb] Incomplete mode parameter data
[    1.777760] sd 2:0:1:0: [sdb] Assuming drive cache: write through
[    1.779140] sd 2:0:0:0: [sda] Incomplete mode parameter data
[    1.780246] sd 2:0:0:0: [sda] Assuming drive cache: write through
[    1.787116]  sda: sda1
[    1.788345] sd 2:0:0:0: [sda] Attached SCSI disk
[    1.789788] sd 2:0:1:0: [sdb] Attached SCSI disk
[    1.997493] e1000 0000:00:03.0 eth0: (PCI:33MHz:32-bit) 02:26:20:ce:de:47
[    1.999191] e1000 0000:00:03.0 eth0: Intel(R) PRO/1000 Network Connection
[    2.347710] e1000 0000:00:08.0 eth1: (PCI:33MHz:32-bit) 08:00:27:01:31:b8
[    2.348919] e1000 0000:00:08.0 eth1: Intel(R) PRO/1000 Network Connection
[    2.351103] e1000 0000:00:08.0 enp0s8: renamed from eth1
[    2.353642] e1000 0000:00:03.0 enp0s3: renamed from eth0
Begin: Loading essential drivers ... [    3.704214] md: linear personality registered for level -1
[    3.708681] md: multipath personality registered for level -4
[    3.713353] md: raid0 personality registered for level 0
[    3.718629] md: raid1 personality registered for level 1
[    3.794307] raid6: sse2x1   gen()  7368 MB/s
[    3.867541] raid6: sse2x1   xor()  5929 MB/s
[    3.944078] raid6: sse2x2   gen() 11586 MB/s
[    4.024070] raid6: sse2x2   xor()  7554 MB/s
[    4.104063] raid6: sse2x4   gen() 13254 MB/s
[    4.184064] raid6: sse2x4   xor()  9270 MB/s
[    4.264063] raid6: avx2x1   gen() 18001 MB/s
[    4.344072] raid6: avx2x2   gen() 21226 MB/s
[    4.424071] raid6: avx2x4   gen() 23529 MB/s
[    4.425040] raid6: using algorithm avx2x4 gen() 23529 MB/s
[    4.426067] raid6: using avx2x2 recovery algorithm
[    4.429207] xor: automatically using best checksumming function:
[    4.514115]    avx       : 55351.000 MB/sec
[    4.517552] async_tx: api initialized (async)
[    4.535803] md: raid6 personality registered for level 6
[    4.537271] md: raid5 personality registered for level 5
[    4.538775] md: raid4 personality registered for level 4
[    4.549728] md: raid10 personality registered for level 10
done.
Begin: Running /scripts/init-premount ... done.
Begin: Mounting root file system ... Begin: Running /scripts/local-top ... done.
Begin: Running /scripts/local-premount ... [    4.599377] Btrfs loaded
Scanning for Btrfs filesystems
done.
Warning: fsck not present, so skipping root file system
[    4.684687] EXT4-fs (sda1): mounted filesystem with ordered data mode. Opts: (null)
done.
Begin: Running /scripts/local-bottom ... done.
Begin: Running /scripts/init-bottom ... done.
[    5.142460] systemd[1]: systemd 229 running in system mode. (+PAM +AUDIT +SELINUX +IMA +APPARMOR +SMACK +SYSVINIT +UTMP +LIBCRYPTSETUP +GCRYPT +GNUTLS +ACL +XZ -LZ4 +SECCOMP +BLKID +ELFUTILS +KMOD -IDN)
[    5.147751] systemd[1]: Detected virtualization oracle.
[    5.149129] systemd[1]: Detected architecture x86-64.

Welcome to [1mUbuntu 16.04.6 LTS[0m!

[    5.174525] systemd[1]: Set hostname to <ubuntu>.
[    5.188605] systemd[1]: Initializing machine ID from random generator.
[    5.190532] systemd[1]: Installed transient /etc/machine-id file.
[    5.535103] random: nonblocking pool is initialized
[    5.649224] systemd[1]: Started Forward Password Requests to Wall Directory Watch.
[[0;32m  OK  [0m] Started Forward Password Requests to Wall Directory Watch.
[    5.653401] systemd[1]: Set up automount Arbitrary Executable File Formats File System Automount Point.
[[0;32m  OK  [0m] Set up automount Arbitrary Executab...ats File System Automount Point.
[    5.657789] systemd[1]: Listening on Device-mapper event daemon FIFOs.
[[0;32m  OK  [0m] Listening on Device-mapper event daemon FIFOs.
[    5.660827] systemd[1]: Listening on /dev/initctl Compatibility Named Pipe.
[[0;32m  OK  [0m] Listening on /dev/initctl Compatibility Named Pipe.
[    5.669842] systemd[1]: Reached target System Time Synchronized.
[[0;32m  OK  [0m] Reached target System Time Synchronized.
[    5.672574] systemd[1]: Reached target Swap.
[[0;32m  OK  [0m] Reached target Swap.
[    5.674703] systemd[1]: Listening on udev Control Socket.
[[0;32m  OK  [0m] Listening on udev Control Socket.
[    5.677125] systemd[1]: Listening on LVM2 metadata daemon socket.
[[0;32m  OK  [0m] Listening on LVM2 metadata daemon socket.
[    5.679742] systemd[1]: Reached target User and Group Name Lookups.
[[0;32m  OK  [0m] Reached target User and Group Name Lookups.
[    5.682679] systemd[1]: Listening on Syslog Socket.
[[0;32m  OK  [0m] Listening on Syslog Socket.
[    5.685086] systemd[1]: Started Trigger resolvconf update for networkd DNS.
[[0;32m  OK  [0m] Started Trigger resolvconf update for networkd DNS.
[    5.688118] systemd[1]: Listening on udev Kernel Socket.
[[0;32m  OK  [0m] Listening on udev Kernel Socket.
[    5.690531] systemd[1]: Reached target Encrypted Volumes.
[[0;32m  OK  [0m] Reached target Encrypted Volumes.
[    5.693091] systemd[1]: Listening on Journal Socket.
[[0;32m  OK  [0m] Listening on Journal Socket.
[    5.695673] systemd[1]: Listening on Journal Socket (/dev/log).
[[0;32m  OK  [0m] Listening on Journal Socket (/dev/log).
[    5.698605] systemd[1]: Created slice User and Session Slice.
[[0;32m  OK  [0m] Created slice User and Session Slice.
[    5.701475] systemd[1]: Created slice System Slice.
[[0;32m  OK  [0m] Created slice System Slice.
[    5.704342] systemd[1]: Mounting POSIX Message Queue File System...
         Mounting POSIX Message Queue File System...
[    5.722574] systemd[1]: Starting Load Kernel Modules...
         Starting Load Kernel Modules...
[    5.726932] systemd[1]: Created slice system-serial\x2dgetty.slice.
[[0;32m  OK  [0m] Created slice system-serial\x2dgetty.slice.
[    5.734827] systemd[1]: Mounting Huge Pages File System...
         Mounting Huge Pages File System...
[    5.738815] systemd[1]: Reached target Slices.
[[0;32m  OK  [0m] Reached target Slices.
[    5.744393] systemd[1]: Starting Set console keymap...
         Starting Set console keymap...
[    5.757310] Loading iSCSI transport class v2.0-870.
[    5.758779] systemd[1]: Mounting Debug File System...
         Mounting Debug File System...
[    5.762302] systemd[1]: Starting Remount Root and Kernel File Systems...
         Starting Remount Root and Kernel File Systems...
[    5.768238] systemd[1]: Listening on LVM2 poll daemon socket.
[[0;32m  OK  [0m] Listening on LVM2 poll daemon socket.
[    5.775728] systemd[1]: Starting Uncomplicated firewall...
         Starting Uncomplicated firewall...
[    5.778138] EXT4-fs (sda1): re-mounted. Opts: (null)
[    5.781289] systemd[1]: Listening on Journal Audit Socket.
[[0;32m  OK  [0m] Listening on Journal Audit Socket.
[    5.786507] systemd[1]: Starting Journal Service...
         Starting Journal Service...
[    5.794642] systemd[1]: Starting Nameserver information manager...
         Starting Nameserver information manager...
[    5.804867] systemd[1]: Starting Monitoring of LVM2 mirrors, snapshots etc. using dmeventd or progress polling...
[    5.809044] iscsi: registered transport (tcp)
         Starting Monitoring of LVM2 mirrors... dmeventd or progress polling...
[    5.818649] systemd[1]: Starting Create list of required static device nodes for the current kernel...
         Starting Create list of required st... nodes for the current kernel...
[    5.827223] systemd[1]: Mounted Debug File System.
[[0;32m  OK  [0m] Mounted Debug File System.
[    5.829100] systemd[1]: Mounted POSIX Message Queue File System.
[[0;32m  OK  [0m] Mounted POSIX Message Queue File System.
[    5.837873] systemd[1]: Mounted Huge Pages File System.
[[0;32m  OK  [0m] Mounted Huge Pages File System.
[    5.840336] systemd[1]: Started Remount Root and Kernel File Systems.
[[0;32m  OK  [0m] Started Remount Root and Kernel File Systems.
[    5.846104] systemd[1]: Started Uncomplicated firewall.
[[0;32m  OK  [0m] Started Uncomplicated firewall.
[    5.859809] systemd[1]: Started Set console keymap.
[[0;32m  OK  [0m] Started Set console keymap.
[    5.883220] systemd[1]: Started Nameserver information manager.
[[0;32m  OK  [0m] Started Nameserver information manager.
[    5.907929] systemd[1]: Started Create list of required static device nodes for the current kernel.
[[0;32m  OK  [0m] Started Create list of required sta...ce nodes for the current kernel.
[    5.932270] systemd[1]: Started Journal Service.
[[0;32m  OK  [0m] Started Journal Service.
         Starting Create Static Device Nodes in /dev...
         Starting udev Coldplug all Devices...
[    5.963640] iscsi: registered transport (iser)
         Starting Load/Save Random Seed...
         Starting Flush Journal to Persistent Storage...
[[0;32m  OK  [0m] Started Load Kernel Modules.
[[0;32m  OK  [0m] Started LVM2 metadata daemon.
         Starting Apply Kernel Variables...
         Mounting FUSE Control File System...
[[0;32m  OK  [0m] Mounted FUSE Control File System.
[[0;32m  OK  [0m] Started Load/Save Random Seed.
[    6.027722] systemd-journald[383]: Received request to flush runtime journal from PID 1
[[0;32m  OK  [0m] Started Flush Journal to Persistent Storage.
[[0;32m  OK  [0m] Started udev Coldplug all Devices.
[[0;32m  OK  [0m] Started Apply Kernel Variables.
[[0;32m  OK  [0m] Started Create Static Device Nodes in /dev.
         Starting udev Kernel Device Manager...
[[0;32m  OK  [0m] Started udev Kernel Device Manager.
[[0;32m  OK  [0m] Started Dispatch Password Requests to Console Directory Watch.
[[0;32m  OK  [0m] Started Monitoring of LVM2 mirrors,...ng dmeventd or progress polling.
[[0;32m  OK  [0m] Reached target Local File Systems (Pre).
[[0;32m  OK  [0m] Reached target Local File Systems.
         Starting Set console font and keymap...
         Starting Initial cloud-init job (pre-networking)...
         Starting Tell Plymouth To Write Out Runtime Data...
         Starting LSB: AppArmor initialization...
         Starting Create Volatile Files and Directories...
         Starting Commit a transient machine-id on disk...
[[0;32m  OK  [0m] Started Commit a transient machine-id on disk.
[[0;32m  OK  [0m] Started Create Volatile Files and Directories.
         Starting Update UTMP about System Boot/Shutdown...
[[0;32m  OK  [0m] Started Tell Plymouth To Write Out Runtime Data.
[[0;32m  OK  [0m] Started Update UTMP about System Boot/Shutdown.
[[0;32m  OK  [0m] Found device /dev/ttyS0.
[[0;32m  OK  [0m] Listening on Load/Save RF Kill Switch Status /dev/rfkill Watch.
[[0;32m  OK  [0m] Started Set console font and keymap.
[[0;32m  OK  [0m] Created slice system-getty.slice.
[[0;32m  OK  [0m] Started LSB: AppArmor initialization.
[    9.070899] cloud-init[477]: Cloud-init v. 19.1-1-gbaa47854-0ubuntu1~16.04.1 running 'init-local' at Tue, 23 Jul 2019 15:06:53 +0000. Up 8.60 seconds.
[[0;32m  OK  [0m] Started Initial cloud-init job (pre-networking).
[[0;32m  OK  [0m] Reached target Network (Pre).
         Starting Raise network interfaces...
[[0;32m  OK  [0m] Started Raise network interfaces.
[[0;32m  OK  [0m] Reached target Network.
         Starting Initial cloud-init job (metadata service crawler)...
[   10.931722] cloud-init[961]: Cloud-init v. 19.1-1-gbaa47854-0ubuntu1~16.04.1 running 'init' at Tue, 23 Jul 2019 15:06:54 +0000. Up 9.67 seconds.
[   10.934157] cloud-init[961]: ci-info: ++++++++++++++++++++++++++++++++++++++Net device info+++++++++++++++++++++++++++++++++++++++
[   10.944856] cloud-init[961]: ci-info: +--------+-------+----------------------------+---------------+--------+-------------------+
[   10.946973] cloud-init[961]: ci-info: | Device |   Up  |          Address           |      Mask     | Scope  |     Hw-Address    |
[   10.948545] cloud-init[961]: ci-info: +--------+-------+----------------------------+---------------+--------+-------------------+
[   10.950075] cloud-init[961]: ci-info: | enp0s3 |  True |         10.0.2.15          | 255.255.255.0 | global | 02:26:20:ce:de:47 |
[   10.964859] cloud-init[961]: ci-info: | enp0s3 |  True | fe80::26:20ff:fece:de47/64 |       .       |  link  | 02:26:20:ce:de:47 |
[   10.966270] cloud-init[961]: ci-info: | enp0s8 | False |             .              |       .       |   .    | 08:00:27:01:31:b8 |
[   10.967732] cloud-init[961]: ci-info: |   lo   |  True |         127.0.0.1          |   255.0.0.0   |  host  |         .         |
[   10.975851] cloud-init[961]: ci-info: |   lo   |  True |          ::1/128           |       .       |  host  |         .         |
[   10.977505] cloud-init[961]: ci-info: +--------+-------+----------------------------+---------------+--------+-------------------+
[   10.979329] cloud-init[961]: ci-info: +++++++++++++++++++++++++++Route IPv4 info++++++++++++++++++++++++++++
[   10.988454] cloud-init[961]: ci-info: +-------+-------------+----------+---------------+-----------+-------+
[   10.997750] cloud-init[961]: ci-info: | Route | Destination | Gateway  |    Genmask    | Interface | Flags |
[   10.999012] cloud-init[961]: ci-info: +-------+-------------+----------+---------------+-----------+-------+[[0;32m  OK  [0m] Started Initial cloud-init job (metadata service crawler).
[[0;32m  OK  [0m] Reached target System Initialization.
         Starting Socket activation for snappy daemon.
[[0;32m  OK  [0m] Listening on UUID daemon activation socket.

[   11.004437] cloud-init[961]: ci-info: |   0   |   0.0.0.0   | 10.0.2.2 |    0.0.0.0    |   enp0s3  |   UG  |
[   11.005737] cloud-init[961]: ci-info: |   1   |   10.0.2.0  | 0.0.0.0  | 255.255.255.0 |   enp0s3  |   U   |
[   11.007285] cloud-init[961]: ci-info: +-------+-------------+----------+---------------+-----------+-------+[[0;32m  OK  [0m] Started ACPI Events Check.
[[0;32m  OK  [0m] Reached target Paths.
[[0;32m  OK  [0m] Listening on D-Bus System Message Bus Socket.

[   11.011882] cloud-init[961]: ci-info: +++++++++++++++++++Route IPv6 info+++++++++++++++++++
         Starting LXD - unix socket.
[   11.014327] cloud-init[961]: ci-info: +-------+-------------+---------+-----------+-------+
[[0;32m  OK  [0m] Started Daily Cleanup of Temporary Directories.
[   11.016996] cloud-init[961]: ci-info: | Route | Destination | Gateway | Interface | Flags |
[[0;32m  OK  [0m] Listening on ACPID Listen Socket.
[   11.020329] cloud-init[961]: ci-info: +-------+-------------+---------+-----------+-------+
[   11.021560] cloud-init[961]: ci-info: |   0   |  fe80::/64  |    ::   |   enp0s3  |   U   |
[   11.022748] cloud-init[961]: ci-info: |   3   |   ff00::/8  |    ::   |   enp0s3  |   U   |
[   11.023941] [[0;32m  OK  [0m] Started Daily apt download activities.
[[0;32m  OK  [0m] Started Daily apt upgrade and clean activities.
[[0;32m  OK  [0m] Reached target Timers.
[[0;32m  OK  [0m] Reached target Network is Online.
cloud-init[961]: ci-info: +-------+-------------+---------+-----------+-------+
         Starting iSCSI initiator daemon (iscsid)...
[   11.030309] cloud-init[961]: Generating public/private rsa key pair.
[[0;32m  OK  [0m] Reached target Cloud-config availability.[   11.032535] cloud-init[961]: Your identification has been saved in /etc/ssh/ssh_host_rsa_key.
[   11.033770] cloud-init[961]: Your public key has been saved in /etc/ssh/ssh_host_rsa_key.pub.
[   11.035002] cloud-init[961]: The key fingerprint is:
[   11.035819] cloud-init
[[0;32m  OK  [0m] Listening on Socket activation for snappy daemon.
[[0;32m  OK  [0m] Listening on LXD - unix socket.
[[961]: SHA256:w7Cvs5D0SmMvyCWGALDe/OQMRAiwSHbBXvcvAdY9jvE root@ubuntu-xenial
[   11.041086] cloud-init[961]: The key's randomart image is:
[   11.041699] cloud-init[961]: +---[RSA 2048]----+
[   11.042266] cloud-init[961]: |Boo+.   . .      |
[   11.042871] cloud-init[961]: |=+o. . + o o     |
[   11.043684] cloud-init[0;32m  OK  [0m] Reached target Sockets.
[[0;32m  OK  [0m] Reached target Basic System.
         Starting LSB: Record successful boot for GRUB...
[961]: |= ... + o = .    |
[   11.052198] cloud-init[961]: |o +.   + + E     |
         Starting Pollinate to seed the pseudo random number generator...
         Starting LXD - container startup/shutdown...
[   11.053886] cloud-init[961]: |.o +... S o      |
[[0;32m  OK  [0m] Started Regular background program processing daemon.
[   11.078172] cloud-init[961]: |. o.Bo . o .     |
[   11.084269] cloud-init[961]: | o +*+. . .      |
[   11.085683] cloud-init[961]:          Starting Snappy daemon...
         Starting System Logging Service...
         Starting LSB: MD monitoring daemon...
|  oo.=..         |
[   11.095494] cloud-init[961]: [[0;32m  OK  [0m] Started D-Bus System Message Bus.
|    ..+o         |
[   11.112662] cloud-init[961]: +----[SHA256]-----+
[   11.113400] cloud-init[961]: Generating public/private dsa key pair.
[   11.114393] cloud-init[961]: Your identification has been saved in /etc/ssh/ssh_host_dsa_key.
[   11.120365] cloud-init[961]: Your public key has been saved in /etc/ssh/ssh_host_dsa_key.pub.
[   11.121780] cloud-init[961]: The key fingerprint is:
[   11.128322] cloud-init[961]: SHA256:ZLJNHBbuqWVBHLnFjH66z9OOCainycBBdor7e8XKIfM root@ubuntu-xenial
[   11.136458] cloud-init[961]: The key's randomart image is:
[   11.137594] cloud-init[961]: +---[DSA 1024]----+
[   11.138618] cloud-init[961]: |       .*B       |
[   11.139611] cloud-init[961]: |       =+.+      |
[   11.140661] cloud-init[961]: |  o . ..Bo       |
[   11.141729] cloud-init[961]: | + o   Ooo.      |
[   11.149094] cloud-init[961]: |. o  .. So       |
[   11.156603] cloud-init[961]: | oo.. o=.        |
[   11.157446] cloud-init[961]: |. o= +o .. .     |
[   11.158256] cloud-init[961]: | . oEo. .o.o.    |
[   11.164416] cloud-init[961]: |  oo=o   .=o.    |
[   11.172524] cloud-init[961]: +----[SHA256]-----+
[   11.173750] cloud-init[961]: Generating public/private ecdsa key pair.
[   11.180543] cloud-init[961]: Your identification has been saved in /etc/ssh/ssh_host_ecdsa_key.
[   11.182422] cloud-init[961]: Your public key has been saved in /etc/ssh/ssh_host_ecdsa_key.pub.
[   11.184231] cloud-init[961]: The key fingerprint is:
[   11.185118] cloud-init[961]: SHA256:bCnpLCu34DytqgKpXfpF/JmqLe64pYPQQbPfGOux48Y root@ubuntu-xenial
[   11.186236] cloud-init[961]: The key's randomart image is:
[   11.187021] cloud-init[961]: +---[ECDSA 256]---+
[   11.192374] cloud-init[961]: |                 |
[   11.193116] cloud-init[961]: |  o              |
[   11.200582] cloud-init[961]: | . o             |
[   11.208523] cloud-init[961]: |  o .. o .       |
[   11.209839] cloud-init[961]: | o o == S        |
[   11.211239] cloud-init[961]: |+ . *+.+ o       |
[   11.212980] cloud-init[961]: |+o.*oo+ +        |
[   11.214513] cloud-init[961]: |+o*=E= .         |
[   11.217333] cloud-init[961]: |=.B&O=o          |
[   11.219521] cloud-init[961]: +----[SHA256]-----+
[   11.221522] cloud-init[961]: Generating public/private ed25519 key pair.
[   11.223089] cloud-init[961]: Your identification has been saved in /etc/ssh/ssh_host_ed25519_key.
[   11.224663] cloud-init[961]: Your public key has been saved in /etc/ssh/ssh_host_ed25519_key.pub.
[   11.226773] cloud-init[961]: The key fingerprint is:
[   11.227798] cloud-init[961]: SHA256:6Vk8LjRZRtwEkTsmIlmFajApRAR7IxK8a5BNU+ubdss root@ubuntu-xenial
[   11.236344] cloud-init[961]: The key's randomart image is:
[   11.237121] cloud-init[961]: +--[ED25519 256]--+
[   11.237957] cloud-init[961]: |O+ o.  o..+*.    |
[   11.238695] cloud-init[961]: |.+*  .o  .o .    |
[   11.249137] cloud-init[961]: |+=++.+    o.     |
[   11.249935] cloud-init[961]: |++.o= . .*+      |
[   11.250749] cloud-init[961]: |. .... .So+.     |
[   11.256391] cloud-init[961]: | o   o o = .     |
[   11.257387] cloud-init[961]: |.   + . + .      |
[   11.264537] cloud-init[961]: |   . o . .       |
[   11.266762] cloud-init[961]: |      E          |
[   11.268756] cloud-init[961]: +----[SHA256]-----+
         Starting Accounts Service...
[[0;32m  OK  [0m] Started ACPI event daemon.
         Starting Login Service...
[[0;32m  OK  [0m] Started FUSE filesystem for LXC.
[[0;32m  OK  [0m] Started Deferred execution scheduler.
         Starting Virtualbox guest utils...
         Starting /etc/rc.local Compatibility...
[[0;32m  OK  [0m] Started System Logging Service.
[[0;32m  OK  [0m] Started /etc/rc.local Compatibility.
[[0;32m  OK  [0m] Started iSCSI initiator daemon (iscsid).
         Starting Login to default iSCSI targets...
[[0;32m  OK  [0m] Started Login Service.
[[0;32m  OK  [0m] Started Unattended Upgrades Shutdown.
[[0;32m  OK  [0m] Started LSB: MD monitoring daemon.
[[0;32m  OK  [0m] Started LSB: Record successful boot for GRUB.
[[0;32m  OK  [0m] Started Login to default iSCSI targets.
[[0;32m  OK  [0m] Reached target Remote File Systems (Pre).
[[0;32m  OK  [0m] Reached target Remote File Systems.
         Starting LSB: automatic crash report generation...
         Starting LSB: daemon to balance interrupts for SMP systems...
         Starting LSB: Set the CPU Frequency Scaling governor to "ondemand"...
         Starting Permit User Sessions...
[[0;32m  OK  [0m] Started Permit User Sessions.
         Starting Hold until boot process finishes up...
         Starting Terminate Plymouth Boot Screen...
[[0;32m  OK  [0m] Started Hold until boot process finishes up.
[[0;32m  OK  [0m] Started Terminate Plymouth Boot Screen.
[[0;32m  OK  [0m] Started LSB: Set the CPU Frequency Scaling governor to "ondemand".
         Starting Set console scheme...
[[0;32m  OK  [0m] Started Serial Getty on ttyS0.
[[0;32m  OK  [0m] Started Getty on tty1.
[[0;32m  OK  [0m] Reached target Login Prompts.
[[0;32m  OK  [0m] Started LSB: daemon to balance interrupts for SMP systems.
[[0;32m  OK  [0m] Started Set console scheme.
[[0;32m  OK  [0m] Started LSB: automatic crash report generation.
[[0;32m  OK  [0m] Started Virtualbox guest utils.
         Starting Authenticate and Authorize Users to Run Privileged Tasks...
[[0;32m  OK  [0m] Started Authenticate and Authorize Users to Run Privileged Tasks.
[[0;32m  OK  [0m] Started Accounts Service.
[[0;32m  OK  [0m] Started Snappy daemon.
         Starting Wait until snapd is fully seeded...
[[0;32m  OK  [0m] Started LXD - container startup/shutdown.
[[0;32m  OK  [0m] Started Pollinate to seed the pseudo random number generator.
         Starting OpenBSD Secure Shell server...
[[0;32m  OK  [0m] Started OpenBSD Secure Shell server.
[[0;32m  OK  [0m] Created slice User Slice of vagrant.
         Starting User Manager for UID 1000...
[[0;32m  OK  [0m] Started Session 1 of user vagrant.
[[0;32m  OK  [0m] Started User Manager for UID 1000.
         Stopping User Manager for UID 1000...
[[0;32m  OK  [0m] Stopped User Manager for UID 1000.
[[0;32m  OK  [0m] Removed slice User Slice of vagrant.
[[0;32m  OK  [0m] Started Wait until snapd is fully seeded.
[[0;32m  OK  [0m] Reached target Multi-User System.
[[0;32m  OK  [0m] Reached target Graphical Interface.
         Starting Update UTMP about System Runlevel Changes...
         Starting Apply the settings specified in cloud-config...
[[0;32m  OK  [0m] Started Update UTMP about System Runlevel Changes.
[[0;32m  OK  [0m] Created slice User Slice of vagrant.
         Starting User Manager for UID 1000...
[[0;32m  OK  [0m] Started Session 2 of user vagrant.
[[0;32m  OK  [0m] Started User Manager for UID 1000.
[   17.689605] cloud-init[1494]: Generating locales (this might take a while)...

Ubuntu 16.04.6 LTS ubuntu-xenial ttyS0

ubuntu-xenial login: [   18.547826] cloud-init[1494]:   en_US.UTF-8... done
[   18.549895] cloud-init[1494]: Generation complete.
[   19.504879] cloud-init[1494]: Cloud-init v. 19.1-1-gbaa47854-0ubuntu1~16.04.1 running 'modules:config' at Tue, 23 Jul 2019 15:07:02 +0000. Up 17.51 seconds.
ci-info: no authorized ssh keys fingerprints found for user ubuntu.
<14>Jul 23 15:07:05 ec2: 
<14>Jul 23 15:07:05 ec2: #############################################################
<14>Jul 23 15:07:05 ec2: -----BEGIN SSH HOST KEY FINGERPRINTS-----
<14>Jul 23 15:07:05 ec2: 1024 SHA256:ZLJNHBbuqWVBHLnFjH66z9OOCainycBBdor7e8XKIfM root@ubuntu-xenial (DSA)
<14>Jul 23 15:07:05 ec2: 256 SHA256:bCnpLCu34DytqgKpXfpF/JmqLe64pYPQQbPfGOux48Y root@ubuntu-xenial (ECDSA)
<14>Jul 23 15:07:05 ec2: 256 SHA256:6Vk8LjRZRtwEkTsmIlmFajApRAR7IxK8a5BNU+ubdss root@ubuntu-xenial (ED25519)
<14>Jul 23 15:07:05 ec2: 2048 SHA256:w7Cvs5D0SmMvyCWGALDe/OQMRAiwSHbBXvcvAdY9jvE root@ubuntu-xenial (RSA)
<14>Jul 23 15:07:05 ec2: -----END SSH HOST KEY FINGERPRINTS-----
<14>Jul 23 15:07:05 ec2: #############################################################
-----BEGIN SSH HOST KEY KEYS-----
ecdsa-sha2-nistp256 AAAAE2VjZHNhLXNoYTItbmlzdHAyNTYAAAAIbmlzdHAyNTYAAABBBMO78L25gw+8k6fD3OPUuEnkn7HCVsaBKzq2isE7VJfhih6Qdg246g+C+RJ4J2IkGz+hoImJO7k8SA1iDH/jK6U= root@ubuntu-xenial
ssh-ed25519 AAAAC3NzaC1lZDI1NTE5AAAAIHV5OvXmwfDQNMzTjiPWvH+QojgNACcgpMzkmYuf0lqu root@ubuntu-xenial
ssh-rsa AAAAB3NzaC1yc2EAAAADAQABAAABAQDMhzsgUSBKsflTl9uDQJZ6IEfcpoZl+KXMuZhtkPAYsDNTWBNk2RHRbXCqifk2ncw0IZerTYuGQHAyANJycnt4OevfCmGz6EixWZ+uuLP/SGIoaFrJN9VG76OP0q2+0xXbwtGDOuhO7PByUYQUQnOY3y+qob4h9O/ZwlXc7SP50j+DbxN+/nBdZDINsbath4xtkZsNaR5RBhv1lKf34hKERpN5rsB+dnDPi8v6vQYNix+LZwXA2DQcoQ/QHqhVAFhOfgzg71HitojygLvG/Ah17RUqX6dEghm+u1iJtwaoZJLgEq7x1wJfkCRGTtQAjajWgx8Z+l/7yuuGVrTfNWVR root@ubuntu-xenial
-----END SSH HOST KEY KEYS-----
[   20.317072] cloud-init[1725]: Cloud-init v. 19.1-1-gbaa47854-0ubuntu1~16.04.1 running 'modules:final' at Tue, 23 Jul 2019 15:07:04 +0000. Up 19.98 seconds.
[   20.322002] cloud-init[1725]: ci-info: no authorized ssh keys fingerprints found for user ubuntu.
[   20.328165] cloud-init[1725]: Cloud-init v. 19.1-1-gbaa47854-0ubuntu1~16.04.1 finished at Tue, 23 Jul 2019 15:07:05 +0000. Datasource DataSourceNoCloud [seed=/dev/sdb][dsmode=net].  Up 20.28 seconds
systemd 219 running in system mode. (+PAM +AUDIT +SELINUX +IMA -APPARMOR +SMACK +SYSVINIT +UTMP +LIBCRYPTSETUP +GCRYPT +GNUTLS +ACL +XZ +LZ4 -SECCOMP +BLKID +ELFUTILS +KMOD +IDN)
Detected virtualization docker.
Detected architecture x86-64.

Welcome to [0;31mCentOS Linux 7 (Core)[0m!

Set hostname to <33b6db3691d2>.
Failed to install release agent, ignoring: File exists
Binding to IPv6 address not available since kernel does not support IPv6.
Binding to IPv6 address not available since kernel does not support IPv6.
Cannot add dependency job for unit lvm2-lvmetad.socket, ignoring: Unit is masked.
[[32m  OK  [0m] Reached target Swap.
[[32m  OK  [0m] Reached target RPC Port Mapper.
[[32m  OK  [0m] Reached target Paths.
[[32m  OK  [0m] Created slice Root Slice.
[[32m  OK  [0m] Listening on LVM2 poll daemon socket.
[[32m  OK  [0m] Listening on Delayed Shutdown Socket.
[[32m  OK  [0m] Listening on Device-mapper event daemon FIFOs.
[[32m  OK  [0m] Listening on Journal Socket.
[[32m  OK  [0m] Created slice System Slice.
         Starting Monitoring of LVM2 mirrors... dmeventd or progress polling...
         Starting Read and set NIS domainname from /etc/sysconfig/network...
[[32m  OK  [0m] Reached target Slices.
         Starting Configure read-only root support...
         Starting Journal Service...
[[32m  OK  [0m] Started Read and set NIS domainname from /etc/sysconfig/network.
[[32m  OK  [0m] Started Journal Service.
[[32m  OK  [0m] Started Configure read-only root support.
[[32m  OK  [0m] Reached target Local File Systems.
         Starting Create Volatile Files and Directories...
         Starting Preprocess NFS configuration...
[[32m  OK  [0m] Started Preprocess NFS configuration.
[[32m  OK  [0m] Started Create Volatile Files and Directories.
         Mounting RPC Pipe File System...
[[1;39m INFO [0m] Update UTMP about System Boot/Shutdown is not active.
[[1;33mDEPEND[0m] Dependency failed for Update UTMP about System Runlevel Changes.
[[32m  OK  [0m] Reached target System Initialization.
[[32m  OK  [0m] Started Daily Cleanup of Temporary Directories.
[[32m  OK  [0m] Reached target Timers.
[[32m  OK  [0m] Listening on RPCbind Server Activation Socket.
         Starting RPC bind service...
[[32m  OK  [0m] Listening on D-Bus System Message Bus Socket.
[[32m  OK  [0m] Reached target Sockets.
[[32m  OK  [0m] Reached target Basic System.
[[32m  OK  [0m] Started Command Scheduler.
         Starting LSB: Bring up/down networking...
         Starting OpenSSH Server Key Generation...
         Starting GSSAPI Proxy Daemon...
         Starting Configuring gluster-block in container...
         Starting Setup fake disk for use with Gluster...
         Starting Cleanup of Temporary Directories...
[[32m  OK  [0m] Started Configuring gluster-block in container.
[[1;31mFAILED[0m] Failed to start LSB: Bring up/down networking.
See 'systemctl status network.service' for details.
[[32m  OK  [0m] Started Setup fake disk for use with Gluster.
[[32m  OK  [0m] Started Cleanup of Temporary Directories.
         Starting Configuring GlusterFS in container...
[[32m  OK  [0m] Reached target Network.
         Starting LIO Userspace-passthrough daemon...
[[32m  OK  [0m] Started RPC bind service.
[[32m  OK  [0m] Started GSSAPI Proxy Daemon.
[[32m  OK  [0m] Mounted RPC Pipe File System.
[[32m  OK  [0m] Reached target rpc_pipefs.target.
[[32m  OK  [0m] Reached target NFS client services.
[[32m  OK  [0m] Reached target Remote File Systems (Pre).
[[32m  OK  [0m] Started Configuring GlusterFS in container.
         Starting GlusterFS, a clustered file-system server...
[[1;31mFAILED[0m] Failed to start LIO Userspace-passthrough daemon.
See 'systemctl status tcmu-runner.service' for details.
[[1;33mDEPEND[0m] Dependency failed for Restore LIO kernel target configuration.
[[1;33mDEPEND[0m] Dependency failed for Gluster block storage utility.
[[32m  OK  [0m] Started OpenSSH Server Key Generation.
         Starting OpenSSH server daemon...
[[32m  OK  [0m] Started OpenSSH server daemon.
[[32m  OK  [0m] Started GlusterFS, a clustered file-system server.
[[32m  OK  [0m] Started Check glusterd config directory full.
[[32m  OK  [0m] Reached target Network is Online.
         Starting Notify NFS peers of a restart...
[[32m  OK  [0m] Reached target Multi-User System.
[[32m  OK  [0m] Started Notify NFS peers of a restart.
[[0m[31m*     [0m] A start job is running for Monitori...progress polling (8s / no limit)[K[[1;31m*[0m[31m*    [0m] A start job is running for Monitori...progress polling (8s / no limit)[K[[31m*[1;31m*[0m[31m*   [0m] A start job is running for Monitori...progress polling (9s / no limit)[K[ [31m*[1;31m*[0m[31m*  [0m] A start job is running for Monitori...progress polling (9s / no limit)[K[  [31m*[1;31m*[0m[31m* [0m] A start job is running for Monitori...rogress polling (10s / no limit)[K[   [31m*[1;31m*[0m[31m*[0m] A start job is running for Monitori...rogress polling (10s / no limit)[K[    [31m*[1;31m*[0m] A start job is running for Monitori...rogress polling (11s / no limit)[K[     [31m*[0m] A start job is running for Monitori...rogress polling (11s / no limit)[K[    [31m*[1;31m*[0m] A start job is running for Monitori...rogress polling (12s / no limit)[K[   [31m*[1;31m*[0m[31m*[0m] A start job is running for Monitori...rogress polling (12s / no limit)[K[  [31m*[1;31m*[0m[31m* [0m] A start job is running for Monitori...rogress polling (13s / no limit)[K[ [31m*[1;31m*[0m[31m*  [0m] A start job is running for Monitori...rogress polling (13s / no limit)[K[[31m*[1;31m*[0m[31m*   [0m] A start job is running for Monitori...rogress polling (14s / no limit)[K[[1;31m*[0m[31m*    [0m] A start job is running for Monitori...rogress polling (14s / no limit)[K[[0m[31m*     [0m] A start job is running for Monitori...rogress polling (15s / no limit)[K[[1;31m*[0m[31m*    [0m] A start job is running for Monitori...rogress polling (15s / no limit)[K[[31m*[1;31m*[0m[31m*   [0m] A start job is running for Monitori...rogress polling (16s / no limit)[K[ [31m*[1;31m*[0m[31m*  [0m] A start job is running for Monitori...rogress polling (16s / no limit)[K[  [31m*[1;31m*[0m[31m* [0m] A start job is running for Monitori...rogress polling (17s / no limit)[K[   [31m*[1;31m*[0m[31m*[0m] A start job is running for Monitori...rogress polling (17s / no limit)[K[    [31m*[1;31m*[0m] A start job is running for Monitori...rogress polling (18s / no limit)[K[     [31m*[0m] A start job is running for Monitori...rogress polling (18s / no limit)[K[    [31m*[1;31m*[0m] A start job is running for Monitori...rogress polling (19s / no limit)[K[   [31m*[1;31m*[0m[31m*[0m] A start job is running for Monitori...rogress polling (19s / no limit)[K[  [31m*[1;31m*[0m[31m* [0m] A start job is running for Monitori...rogress polling (20s / no limit)[K[ [31m*[1;31m*[0m[31m*  [0m] A start job is running for Monitori...rogress polling (20s / no limit)[K[[31m*[1;31m*[0m[31m*   [0m] A start job is running for Monitori...rogress polling (21s / no limit)[K[[1;31m*[0m[31m*    [0m] A start job is running for Monitori...rogress polling (21s / no limit)[K[[0m[31m*     [0m] A start job is running for Monitori...rogress polling (22s / no limit)[K[[1;31m*[0m[31m*    [0m] A start job is running for Monitori...rogress polling (22s / no limit)[K[[31m*[1;31m*[0m[31m*   [0m] A start job is running for Monitori...rogress polling (23s / no limit)[K[ [31m*[1;31m*[0m[31m*  [0m] A start job is running for Monitori...rogress polling (23s / no limit)[K[  [31m*[1;31m*[0m[31m* [0m] A start job is running for Monitori...rogress polling (24s / no limit)[K[   [31m*[1;31m*[0m[31m*[0m] A start job is running for Monitori...rogress polling (24s / no limit)[K[    [31m*[1;31m*[0m] A start job is running for Monitori...rogress polling (25s / no limit)[K[     [31m*[0m] A start job is running for Monitori...rogress polling (25s / no limit)[K[    [31m*[1;31m*[0m] A start job is running for Monitori...rogress polling (26s / no limit)[K[   [31m*[1;31m*[0m[31m*[0m] A start job is running for Monitori...rogress polling (26s / no limit)[K[  [31m*[1;31m*[0m[31m* [0m] A start job is running for Monitori...rogress polling (27s / no limit)[K[ [31m*[1;31m*[0m[31m*  [0m] A start job is running for Monitori...rogress polling (27s / no limit)[K[[31m*[1;31m*[0m[31m*   [0m] A start job is running for Monitori...rogress polling (28s / no limit)[K[[1;31m*[0m[31m*    [0m] A start job is running for Monitori...rogress polling (28s / no limit)[K[[0m[31m*     [0m] A start job is running for Monitori...rogress polling (29s / no limit)[K[[1;31m*[0m[31m*    [0m] A start job is running for Monitori...rogress polling (29s / no limit)[K[[31m*[1;31m*[0m[31m*   [0m] A start job is running for Monitori...rogress polling (30s / no limit)[K[ [31m*[1;31m*[0m[31m*  [0m] A start job is running for Monitori...rogress polling (30s / no limit)[K[  [31m*[1;31m*[0m[31m* [0m] A start job is running for Monitori...rogress polling (31s / no limit)[K[   [31m*[1;31m*[0m[31m*[0m] A start job is running for Monitori...rogress polling (31s / no limit)[K[    [31m*[1;31m*[0m] A start job is running for Monitori...rogress polling (32s / no limit)[K[     [31m*[0m] A start job is running for Monitori...rogress polling (32s / no limit)[K[    [31m*[1;31m*[0m] A start job is running for Monitori...rogress polling (33s / no limit)[K[   [31m*[1;31m*[0m[31m*[0m] A start job is running for Monitori...rogress polling (33s / no limit)[K[  [31m*[1;31m*[0m[31m* [0m] A start job is running for Monitori...rogress polling (34s / no limit)[K[ [31m*[1;31m*[0m[31m*  [0m] A start job is running for Monitori...rogress polling (34s / no limit)[K[[31m*[1;31m*[0m[31m*   [0m] A start job is running for Monitori...rogress polling (35s / no limit)[K[[1;31m*[0m[31m*    [0m] A start job is running for Monitori...rogress polling (35s / no limit)[K[[0m[31m*     [0m] A start job is running for Monitori...rogress polling (36s / no limit)[K[[1;31m*[0m[31m*    [0m] A start job is running for Monitori...rogress polling (36s / no limit)[K[[31m*[1;31m*[0m[31m*   [0m] A start job is running for Monitori...rogress polling (37s / no limit)[K[ [31m*[1;31m*[0m[31m*  [0m] A start job is running for Monitori...rogress polling (37s / no limit)[K[  [31m*[1;31m*[0m[31m* [0m] A start job is running for Monitori...rogress polling (38s / no limit)[K[   [31m*[1;31m*[0m[31m*[0m] A start job is running for Monitori...rogress polling (38s / no limit)[K[    [31m*[1;31m*[0m] A start job is running for Monitori...rogress polling (39s / no limit)[K[     [31m*[0m] A start job is running for Monitori...rogress polling (39s / no limit)[K[    [31m*[1;31m*[0m] A start job is running for Monitori...rogress polling (40s / no limit)[K[   [31m*[1;31m*[0m[31m*[0m] A start job is running for Monitori...rogress polling (40s / no limit)[K[  [31m*[1;31m*[0m[31m* [0m] A start job is running for Monitori...rogress polling (41s / no limit)[K[ [31m*[1;31m*[0m[31m*  [0m] A start job is running for Monitori...rogress polling (41s / no limit)[K[[31m*[1;31m*[0m[31m*   [0m] A start job is running for Monitori...rogress polling (42s / no limit)[K[[1;31m*[0m[31m*    [0m] A start job is running for Monitori...rogress polling (42s / no limit)[K[[0m[31m*     [0m] A start job is running for Monitori...rogress polling (43s / no limit)[K[[1;31m*[0m[31m*    [0m] A start job is running for Monitori...rogress polling (43s / no limit)[K[[31m*[1;31m*[0m[31m*   [0m] A start job is running for Monitori...rogress polling (44s / no limit)[K[ [31m*[1;31m*[0m[31m*  [0m] A start job is running for Monitori...rogress polling (44s / no limit)[K[  [31m*[1;31m*[0m[31m* [0m] A start job is running for Monitori...rogress polling (45s / no limit)[K[   [31m*[1;31m*[0m[31m*[0m] A start job is running for Monitori...rogress polling (45s / no limit)[K[    [31m*[1;31m*[0m] A start job is running for Monitori...rogress polling (46s / no limit)[K[     [31m*[0m] A start job is running for Monitori...rogress polling (46s / no limit)[K[    [31m*[1;31m*[0m] A start job is running for Monitori...rogress polling (47s / no limit)[K[   [31m*[1;31m*[0m[31m*[0m] A start job is running for Monitori...rogress polling (47s / no limit)[K[  [31m*[1;31m*[0m[31m* [0m] A start job is running for Monitori...rogress polling (48s / no limit)[K[ [31m*[1;31m*[0m[31m*  [0m] A start job is running for Monitori...rogress polling (48s / no limit)[K[[31m*[1;31m*[0m[31m*   [0m] A start job is running for Monitori...rogress polling (49s / no limit)[K[[1;31m*[0m[31m*    [0m] A start job is running for Monitori...rogress polling (49s / no limit)[K[[0m[31m*     [0m] A start job is running for Monitori...rogress polling (50s / no limit)[K[[1;31m*[0m[31m*    [0m] A start job is running for Monitori...rogress polling (50s / no limit)[K[[32m  OK  [0m] Started Monitoring of LVM2 mirrors,...ng dmeventd or progress polling.
