[    0.000000] Initializing cgroup subsys cpuset
[    0.000000] Initializing cgroup subsys cpu
[    0.000000] Initializing cgroup subsys cpuacct
[    0.000000] Linux version 4.4.0-151-generic (buildd@lgw01-amd64-043) (gcc version 5.4.0 20160609 (Ubuntu 5.4.0-6ubuntu1~16.04.10) ) #178-Ubuntu SMP Tue Jun 11 08:30:22 UTC 2019 (Ubuntu 4.4.0-151.178-generic 4.4.179)
[    0.000000] Command line: BOOT_IMAGE=/boot/vmlinuz-4.4.0-151-generic root=LABEL=cloudimg-rootfs ro console=tty1 console=ttyS0
[    0.000000] KERNEL supported cpus:
[    0.000000]   Intel GenuineIntel
[    0.000000]   AMD AuthenticAMD
[    0.000000]   Centaur CentaurHauls
[    0.000000] x86/fpu: xstate_offset[2]:  576, xstate_sizes[2]:  256
[    0.000000] x86/fpu: Supporting XSAVE feature 0x01: 'x87 floating point registers'
[    0.000000] x86/fpu: Supporting XSAVE feature 0x02: 'SSE registers'
[    0.000000] x86/fpu: Supporting XSAVE feature 0x04: 'AVX registers'
[    0.000000] x86/fpu: Enabled xstate features 0x7, context size is 832 bytes, using 'standard' format.
[    0.000000] e820: BIOS-provided physical RAM map:
[    0.000000] BIOS-e820: [mem 0x0000000000000000-0x000000000009fbff] usable
[    0.000000] BIOS-e820: [mem 0x000000000009fc00-0x000000000009ffff] reserved
[    0.000000] BIOS-e820: [mem 0x00000000000f0000-0x00000000000fffff] reserved
[    0.000000] BIOS-e820: [mem 0x0000000000100000-0x000000003e7effff] usable
[    0.000000] BIOS-e820: [mem 0x000000003e7f0000-0x000000003e7fffff] ACPI data
[    0.000000] BIOS-e820: [mem 0x00000000fec00000-0x00000000fec00fff] reserved
[    0.000000] BIOS-e820: [mem 0x00000000fee00000-0x00000000fee00fff] reserved
[    0.000000] BIOS-e820: [mem 0x00000000fffc0000-0x00000000ffffffff] reserved
[    0.000000] NX (Execute Disable) protection: active
[    0.000000] SMBIOS 2.5 present.
[    0.000000] Hypervisor detected: KVM
[    0.000000] e820: last_pfn = 0x3e7f0 max_arch_pfn = 0x400000000
[    0.000000] MTRR: Disabled
[    0.000000] x86/PAT: MTRRs disabled, skipping PAT initialization too.
[    0.000000] CPU MTRRs all blank - virtualized system.
[    0.000000] x86/PAT: Configuration [0-7]: WB  WT  UC- UC  WB  WT  UC- UC  
[    0.000000] found SMP MP-table at [mem 0x0009fff0-0x0009ffff] mapped at [ffff88000009fff0]
[    0.000000] Scanning 1 areas for low memory corruption
[    0.000000] RAMDISK: [mem 0x362fc000-0x37175fff]
[    0.000000] ACPI: Early table checksum verification disabled
[    0.000000] ACPI: RSDP 0x00000000000E0000 000024 (v02 VBOX  )
[    0.000000] ACPI: XSDT 0x000000003E7F0030 00003C (v01 VBOX   VBOXXSDT 00000001 ASL  00000061)
[    0.000000] ACPI: FACP 0x000000003E7F00F0 0000F4 (v04 VBOX   VBOXFACP 00000001 ASL  00000061)
[    0.000000] ACPI: DSDT 0x000000003E7F0470 0022EA (v02 VBOX   VBOXBIOS 00000002 INTL 20190703)
[    0.000000] ACPI: FACS 0x000000003E7F0200 000040
[    0.000000] ACPI: FACS 0x000000003E7F0200 000040
[    0.000000] ACPI: APIC 0x000000003E7F0240 000054 (v02 VBOX   VBOXAPIC 00000001 ASL  00000061)
[    0.000000] ACPI: SSDT 0x000000003E7F02A0 0001CC (v01 VBOX   VBOXCPUT 00000002 INTL 20190703)
[    0.000000] No NUMA configuration found
[    0.000000] Faking a node at [mem 0x0000000000000000-0x000000003e7effff]
[    0.000000] NODE_DATA(0) allocated [mem 0x3e7eb000-0x3e7effff]
[    0.000000] kvm-clock: Using msrs 4b564d01 and 4b564d00
[    0.000000] kvm-clock: cpu 0, msr 0:3e7e3001, primary cpu clock
[    0.000000] kvm-clock: using sched offset of 3460618684 cycles
[    0.000000] clocksource: kvm-clock: mask: 0xffffffffffffffff max_cycles: 0x1cd42e4dffb, max_idle_ns: 881590591483 ns
[    0.000000] Zone ranges:
[    0.000000]   DMA      [mem 0x0000000000001000-0x0000000000ffffff]
[    0.000000]   DMA32    [mem 0x0000000001000000-0x000000003e7effff]
[    0.000000]   Normal   empty
[    0.000000]   Device   empty
[    0.000000] Movable zone start for each node
[    0.000000] Early memory node ranges
[    0.000000]   node   0: [mem 0x0000000000001000-0x000000000009efff]
[    0.000000]   node   0: [mem 0x0000000000100000-0x000000003e7effff]
[    0.000000] Initmem setup node 0 [mem 0x0000000000001000-0x000000003e7effff]
[    0.000000] ACPI: PM-Timer IO Port: 0x4008
[    0.000000] IOAPIC[0]: apic_id 1, version 32, address 0xfec00000, GSI 0-23
[    0.000000] ACPI: INT_SRC_OVR (bus 0 bus_irq 0 global_irq 2 dfl dfl)
[    0.000000] ACPI: INT_SRC_OVR (bus 0 bus_irq 9 global_irq 9 low level)
[    0.000000] Using ACPI (MADT) for SMP configuration information
[    0.000000] smpboot: Allowing 1 CPUs, 0 hotplug CPUs
[    0.000000] PM: Registered nosave memory: [mem 0x00000000-0x00000fff]
[    0.000000] PM: Registered nosave memory: [mem 0x0009f000-0x0009ffff]
[    0.000000] PM: Registered nosave memory: [mem 0x000a0000-0x000effff]
[    0.000000] PM: Registered nosave memory: [mem 0x000f0000-0x000fffff]
[    0.000000] e820: [mem 0x3e800000-0xfebfffff] available for PCI devices
[    0.000000] Booting paravirtualized kernel on KVM
[    0.000000] clocksource: refined-jiffies: mask: 0xffffffff max_cycles: 0xffffffff, max_idle_ns: 7645519600211568 ns
[    0.000000] setup_percpu: NR_CPUS:512 nr_cpumask_bits:512 nr_cpu_ids:1 nr_node_ids:1
[    0.000000] PERCPU: Embedded 34 pages/cpu @ffff88003e400000 s99480 r8192 d31592 u2097152
[    0.000000] Built 1 zonelists in Node order, mobility grouping on.  Total pages: 251864
[    0.000000] Policy zone: DMA32
[    0.000000] Kernel command line: BOOT_IMAGE=/boot/vmlinuz-4.4.0-151-generic root=LABEL=cloudimg-rootfs ro console=tty1 console=ttyS0
[    0.000000] PID hash table entries: 4096 (order: 3, 32768 bytes)
[    0.000000] Memory: 973296K/1023544K available (8613K kernel code, 1335K rwdata, 4028K rodata, 1484K init, 1284K bss, 50248K reserved, 0K cma-reserved)
[    0.000000] SLUB: HWalign=64, Order=0-3, MinObjects=0, CPUs=1, Nodes=1
[    0.000000] Kernel/User page tables isolation: enabled
[    0.000000] Hierarchical RCU implementation.
[    0.000000] 	Build-time adjustment of leaf fanout to 64.
[    0.000000] 	RCU restricting CPUs from NR_CPUS=512 to nr_cpu_ids=1.
[    0.000000] RCU: Adjusting geometry for rcu_fanout_leaf=64, nr_cpu_ids=1
[    0.000000] NR_IRQS:33024 nr_irqs:256 16
[    0.000000] Console: colour VGA+ 80x25
[    0.000000] console [tty1] enabled
[    0.000000] console [ttyS0] enabled
[    0.000000] tsc: Detected 2194.914 MHz processor
[    0.147307] Calibrating delay loop (skipped) preset value.. 4389.82 BogoMIPS (lpj=8779656)
[    0.149108] pid_max: default: 32768 minimum: 301
[    0.150081] ACPI: Core revision 20150930
[    0.151935] ACPI: 2 ACPI AML tables successfully acquired and loaded
[    0.153313] Security Framework initialized
[    0.154184] Yama: becoming mindful.
[    0.154994] AppArmor: AppArmor initialized
[    0.155971] Dentry cache hash table entries: 131072 (order: 8, 1048576 bytes)
[    0.158022] Inode-cache hash table entries: 65536 (order: 7, 524288 bytes)
[    0.159471] Mount-cache hash table entries: 2048 (order: 2, 16384 bytes)
[    0.160734] Mountpoint-cache hash table entries: 2048 (order: 2, 16384 bytes)
[    0.162145] Initializing cgroup subsys io
[    0.163023] Initializing cgroup subsys memory
[    0.163946] Initializing cgroup subsys devices
[    0.164833] Initializing cgroup subsys freezer
[    0.165746] Initializing cgroup subsys net_cls
[    0.166712] Initializing cgroup subsys perf_event
[    0.167699] Initializing cgroup subsys net_prio
[    0.168630] Initializing cgroup subsys hugetlb
[    0.169546] Initializing cgroup subsys pids
[    0.171556] mce: CPU supports 0 MCE banks
[    0.172432] process: using mwait in idle threads
[    0.173388] Last level iTLB entries: 4KB 64, 2MB 8, 4MB 8
[    0.174770] Last level dTLB entries: 4KB 64, 2MB 0, 4MB 0, 1GB 4
[    0.176051] Spectre V2 : Mitigation: Full generic retpoline
[    0.177154] Spectre V2 : Spectre v2 / SpectreRSB mitigation: Filling RSB on context switch
[    0.178775] Speculative Store Bypass: Vulnerable
[    0.179886] MDS: Vulnerable: Clear CPU buffers attempted, no microcode
[    0.208839] Freeing SMP alternatives memory: 36K
[    0.215651] ftrace: allocating 32299 entries in 127 pages
[    0.279734] smpboot: APIC(0) Converting physical 0 to logical package 0
[    0.281114] smpboot: Max logical packages: 1
[    0.282273] x2apic enabled
[    0.283226] Switched APIC routing to physical x2apic.
[    0.285439] ..TIMER: vector=0x30 apic1=0 pin1=2 apic2=-1 pin2=-1
[    0.390778] smpboot: CPU0: Intel(R) Core(TM) i5-5200U CPU @ 2.20GHz (family: 0x6, model: 0x3d, stepping: 0x4)
[    0.393054] Performance Events: unsupported p6 CPU model 61 no PMU driver, software events only.
[    0.406546] KVM setup paravirtual spinlock
[    0.408168] x86: Booted up 1 node, 1 CPUs
[    0.409061] smpboot: Total of 1 processors activated (4389.82 BogoMIPS)
[    0.410555] devtmpfs: initialized
[    0.412760] evm: security.selinux
[    0.413554] evm: security.SMACK64
[    0.414308] evm: security.SMACK64EXEC
[    0.415120] evm: security.SMACK64TRANSMUTE
[    0.416005] evm: security.SMACK64MMAP
[    0.416812] evm: security.ima
[    0.417524] evm: security.capability
[    0.418449] clocksource: jiffies: mask: 0xffffffff max_cycles: 0xffffffff, max_idle_ns: 7645041785100000 ns
[    0.420921] futex hash table entries: 256 (order: 2, 16384 bytes)
[    0.422261] pinctrl core: initialized pinctrl subsystem
[    0.423450] RTC time: 18:19:16, date: 07/28/19
[    0.424589] NET: Registered protocol family 16
[    0.425683] cpuidle: using governor ladder
[    0.426664] cpuidle: using governor menu
[    0.427918] PCCT header not found.
[    0.428859] ACPI: bus type PCI registered
[    0.429829] acpiphp: ACPI Hot Plug PCI Controller Driver version: 0.5
[    0.431199] PCI: Using configuration type 1 for base access
[    0.433491] ACPI: Added _OSI(Module Device)
[    0.434433] ACPI: Added _OSI(Processor Device)
[    0.435423] ACPI: Added _OSI(3.0 _SCP Extensions)
[    0.436389] ACPI: Added _OSI(Processor Aggregator Device)
[    0.438017] ACPI: Executed 1 blocks of module-level executable AML code
[    0.441378] ACPI: Interpreter enabled
[    0.442191] ACPI: (supports S0 S5)
[    0.442997] ACPI: Using IOAPIC for interrupt routing
[    0.444153] PCI: Using host bridge windows from ACPI; if necessary, use "pci=nocrs" and report a bug
[    0.449395] ACPI: PCI Root Bridge [PCI0] (domain 0000 [bus 00-ff])
[    0.450572] acpi PNP0A03:00: _OSC: OS supports [ASPM ClockPM Segments MSI]
[    0.452193] acpi PNP0A03:00: _OSC: not requesting OS control; OS requires [ExtendedConfig ASPM ClockPM MSI]
[    0.454117] acpi PNP0A03:00: fail to add MMCONFIG information, can't access extended PCI configuration space under this bridge.
[    0.456590] PCI host bridge to bus 0000:00
[    0.457475] pci_bus 0000:00: root bus resource [io  0x0000-0x0cf7 window]
[    0.458732] pci_bus 0000:00: root bus resource [io  0x0d00-0xffff window]
[    0.460081] pci_bus 0000:00: root bus resource [mem 0x000a0000-0x000bffff window]
[    0.461664] pci_bus 0000:00: root bus resource [mem 0x3e800000-0xfdffffff window]
[    0.463226] pci_bus 0000:00: root bus resource [bus 00-ff]
[    0.465758] pci 0000:00:01.1: legacy IDE quirk: reg 0x10: [io  0x01f0-0x01f7]
[    0.467119] pci 0000:00:01.1: legacy IDE quirk: reg 0x14: [io  0x03f6]
[    0.468362] pci 0000:00:01.1: legacy IDE quirk: reg 0x18: [io  0x0170-0x0177]
[    0.469667] pci 0000:00:01.1: legacy IDE quirk: reg 0x1c: [io  0x0376]
[    0.487614] pci 0000:00:07.0: quirk: [io  0x4000-0x403f] claimed by PIIX4 ACPI
[    0.489225] pci 0000:00:07.0: quirk: [io  0x4100-0x410f] claimed by PIIX4 SMB
[    0.510675] ACPI: PCI Interrupt Link [LNKA] (IRQs 5 9 10 *11)
[    0.512525] ACPI: PCI Interrupt Link [LNKB] (IRQs 5 9 *10 11)
[    0.514084] ACPI: PCI Interrupt Link [LNKC] (IRQs 5 *9 10 11)
[    0.515739] ACPI: PCI Interrupt Link [LNKD] (IRQs 5 9 10 *11)
[    0.517327] ACPI: Enabled 2 GPEs in block 00 to 07
[    0.518687] vgaarb: setting as boot device: PCI:0000:00:02.0
[    0.519852] vgaarb: device added: PCI:0000:00:02.0,decodes=io+mem,owns=io+mem,locks=none
[    0.521653] vgaarb: loaded
[    0.522323] vgaarb: bridge control possible 0000:00:02.0
[    0.523697] SCSI subsystem initialized
[    0.524641] ACPI: bus type USB registered
[    0.525585] usbcore: registered new interface driver usbfs
[    0.526724] usbcore: registered new interface driver hub
[    0.527847] usbcore: registered new device driver usb
[    0.529023] PCI: Using ACPI for IRQ routing
[    0.530289] NetLabel: Initializing
[    0.531022] NetLabel:  domain hash size = 128
[    0.531904] NetLabel:  protocols = UNLABELED CIPSOv4
[    0.532849] NetLabel:  unlabeled traffic allowed by default
[    0.533950] amd_nb: Cannot enumerate AMD northbridges
[    0.535033] clocksource: Switched to clocksource kvm-clock
[    0.542169] AppArmor: AppArmor Filesystem Enabled
[    0.543305] pnp: PnP ACPI init
[    0.544749] pnp: PnP ACPI: found 3 devices
[    0.551923] clocksource: acpi_pm: mask: 0xffffff max_cycles: 0xffffff, max_idle_ns: 2085701024 ns
[    0.553848] NET: Registered protocol family 2
[    0.555005] TCP established hash table entries: 8192 (order: 4, 65536 bytes)
[    0.556386] TCP bind hash table entries: 8192 (order: 5, 131072 bytes)
[    0.557685] TCP: Hash tables configured (established 8192 bind 8192)
[    0.559346] UDP hash table entries: 512 (order: 2, 16384 bytes)
[    0.560751] UDP-Lite hash table entries: 512 (order: 2, 16384 bytes)
[    0.562176] NET: Registered protocol family 1
[    0.563382] pci 0000:00:00.0: Limiting direct PCI/PCI transfers
[    0.565384] pci 0000:00:01.0: Activating ISA DMA hang workarounds
[    0.566705] Unpacking initramfs...
[    0.786969] Freeing initrd memory: 14824K
[    0.788060] RAPL PMU detected, API unit is 2^-32 Joules, 4 fixed counters 10737418240 ms ovfl timer
[    0.789933] hw unit of domain pp0-core 2^-0 Joules
[    0.790970] hw unit of domain package 2^-0 Joules
[    0.791917] hw unit of domain dram 2^-0 Joules
[    0.792845] hw unit of domain pp1-gpu 2^-0 Joules
[    0.793856] clocksource: tsc: mask: 0xffffffffffffffff max_cycles: 0x1fa36e579bf, max_idle_ns: 440795269840 ns
[    0.795981] platform rtc_cmos: registered platform RTC device (no PNP device found)
[    0.797686] Scanning for low memory corruption every 60 seconds
[    0.799128] audit: initializing netlink subsys (disabled)
[    0.800281] audit: type=2000 audit(1564337961.643:1): initialized
[    0.801781] Initialise system trusted keyring
[    0.802821] HugeTLB registered 2 MB page size, pre-allocated 0 pages
[    0.805898] zbud: loaded
[    0.806966] VFS: Disk quotas dquot_6.6.0
[    0.807905] VFS: Dquot-cache hash table entries: 512 (order 0, 4096 bytes)
[    0.809410] squashfs: version 4.0 (2009/01/31) Phillip Lougher
[    0.810762] fuse init (API version 7.23)
[    0.811741] Key type big_key registered
[    0.812639] Allocating IMA MOK and blacklist keyrings.
[    0.813883] Key type asymmetric registered
[    0.814815] Asymmetric key parser 'x509' registered
[    0.815904] Block layer SCSI generic (bsg) driver version 0.4 loaded (major 249)
[    0.817519] io scheduler noop registered
[    0.818418] io scheduler deadline registered (default)
[    0.819507] io scheduler cfq registered
[    0.820433] pci_hotplug: PCI Hot Plug PCI Core version: 0.5
[    0.821519] pciehp: PCI Express Hot Plug Controller Driver version: 0.4
[    0.822901] ACPI: AC Adapter [AC] (on-line)
[    0.823904] input: Power Button as /devices/LNXSYSTM:00/LNXPWRBN:00/input/input0
[    0.825504] ACPI: Power Button [PWRF]
[    0.826365] input: Sleep Button as /devices/LNXSYSTM:00/LNXSLPBN:00/input/input1
[    0.827995] ACPI: Sleep Button [SLPF]
[    0.829403] ACPI: Battery Slot [BAT0] (battery present)
[    0.830498] GHES: HEST is not enabled!
[    0.831454] Serial: 8250/16550 driver, 32 ports, IRQ sharing enabled
[    0.853243] 00:02: ttyS0 at I/O 0x3f8 (irq = 4, base_baud = 115200) is a 16550A[    0.881307] Linux agpgart interface v0.103
[    0.883158] loop: module loaded
[    0.884448] scsi host0: ata_piix
[    0.885296] scsi host1: ata_piix
[    0.886084] ata1: PATA max UDMA/33 cmd 0x1f0 ctl 0x3f6 bmdma 0xd000 irq 14
[    0.887407] ata2: PATA max UDMA/33 cmd 0x170 ctl 0x376 bmdma 0xd008 irq 15
[    0.889051] libphy: Fixed MDIO Bus: probed
[    0.889992] tun: Universal TUN/TAP device driver, 1.6
[    0.891037] tun: (C) 1999-2004 Max Krasnyansky <maxk@qualcomm.com>
[    0.892537] PPP generic driver version 2.4.2
[    0.893554] ehci_hcd: USB 2.0 'Enhanced' Host Controller (EHCI) Driver
[    0.894870] ehci-pci: EHCI PCI platform driver
[    0.895902] ehci-platform: EHCI generic platform driver
[    0.896963] ohci_hcd: USB 1.1 'Open' Host Controller (OHCI) Driver
[    0.898208] ohci-pci: OHCI PCI platform driver
[    0.899176] ohci-platform: OHCI generic platform driver
[    0.900239] uhci_hcd: USB Universal Host Controller Interface driver
[    0.901581] i8042: PNP: PS/2 Controller [PNP0303:PS2K,PNP0f03:PS2M] at 0x60,0x64 irq 1,12
[    0.903715] serio: i8042 KBD port at 0x60,0x64 irq 1
[    0.904790] serio: i8042 AUX port at 0x60,0x64 irq 12
[    0.905931] mousedev: PS/2 mouse device common for all mice
[    0.907251] input: AT Translated Set 2 keyboard as /devices/platform/i8042/serio0/input/input2
[    0.909365] rtc_cmos rtc_cmos: rtc core: registered rtc_cmos as rtc0
[    0.910719] rtc_cmos rtc_cmos: alarms up to one day, 114 bytes nvram
[    0.911975] i2c /dev entries driver
[    0.912819] device-mapper: uevent: version 1.0.3
[    0.913861] device-mapper: ioctl: 4.34.0-ioctl (2015-10-28) initialised: dm-devel@redhat.com
[    0.915629] ledtrig-cpu: registered to indicate activity on CPUs
[    0.917093] NET: Registered protocol family 10
[    0.918234] NET: Registered protocol family 17
[    0.919181] Key type dns_resolver registered
[    0.920360] registered taskstats version 1
[    0.921255] Loading compiled-in X.509 certificates
[    0.922972] Loaded X.509 cert 'Build time autogenerated kernel key: 7ba2dee60acc6d70f0ebdb64460d59d2cf8df5ff'
[    0.925075] zswap: loaded using pool lzo/zbud
[    0.927974] Key type trusted registered
[    0.931600] Key type encrypted registered
[    0.932491] AppArmor: AppArmor sha1 policy hashing enabled
[    0.933598] ima: No TPM chip found, activating TPM-bypass!
[    0.934770] ima: Allocated hash algorithm: sha1
[    0.935852] evm: HMAC attrs: 0x1
[    0.936827]   Magic number: 11:292:343
[    0.937771] tty tty60: hash matches
[    0.938621] rtc_cmos rtc_cmos: setting system clock to 2019-07-28 18:19:17 UTC (1564337957)
[    0.940500] BIOS EDD facility v0.16 2004-Jun-25, 0 devices found
[    0.941699] EDD information not available.
[    1.048240] Freeing unused kernel memory: 1484K
[    1.049364] Write protecting the kernel read-only data: 14336k
[    1.051120] Freeing unused kernel memory: 1616K
[    1.052429] Freeing unused kernel memory: 68K
Loading, please wait...
starting version 229
[    1.067692] random: systemd-udevd: uninitialized urandom read (16 bytes read, 3 bits of entropy available)
[    1.070735] random: systemd-udevd: uninitialized urandom read (16 bytes read, 3 bits of entropy available)
[    1.073971] random: udevadm: uninitialized urandom read (16 bytes read, 3 bits of entropy available)
[    1.076152] random: systemd-udevd: uninitialized urandom read (16 bytes read, 3 bits of entropy available)
[    1.078371] random: systemd-udevd: uninitialized urandom read (16 bytes read, 3 bits of entropy available)
[    1.080636] random: udevadm: uninitialized urandom read (16 bytes read, 3 bits of entropy available)
[    1.088778] random: systemd-udevd: uninitialized urandom read (16 bytes read, 3 bits of entropy available)
[    1.090851] random: systemd-udevd: uninitialized urandom read (16 bytes read, 3 bits of entropy available)
[    1.094781] random: systemd-udevd: uninitialized urandom read (16 bytes read, 3 bits of entropy available)
[    1.098001] random: udevadm: uninitialized urandom read (16 bytes read, 3 bits of entropy available)
[    1.157672] e1000: Intel(R) PRO/1000 Network Driver - version 7.3.21-k8-NAPI
[    1.159130] e1000: Copyright (c) 1999-2006 Intel Corporation.
[    1.165382] Fusion MPT base driver 3.04.20
[    1.166322] Copyright (c) 1999-2008 LSI Corporation
[    1.183111] Fusion MPT SPI Host driver 3.04.20
[    1.223286] AVX2 version of gcm_enc/dec engaged.
[    1.224404] AES CTR mode by8 optimization enabled
[    1.378409] input: ImExPS/2 Generic Explorer Mouse as /devices/platform/i8042/serio1/input/input4
[    1.547207] e1000 0000:00:03.0 eth0: (PCI:33MHz:32-bit) 02:26:20:ce:de:47
[    1.548742] e1000 0000:00:03.0 eth0: Intel(R) PRO/1000 Network Connection
[    1.550621] mptbase: ioc0: Initiating bringup
[    1.611260] ioc0: LSI53C1030 A0: Capabilities={Initiator}
[    1.772147] scsi host2: ioc0: LSI53C1030 A0, FwRev=00000000h, Ports=1, MaxQ=256, IRQ=20
[    1.884443] scsi 2:0:0:0: Direct-Access     VBOX     HARDDISK         1.0  PQ: 0 ANSI: 5
[    1.886319] scsi target2:0:0: Beginning Domain Validation
[    1.888326] scsi target2:0:0: Domain Validation skipping write tests
[    1.889625] scsi target2:0:0: Ending Domain Validation
[    1.890895] scsi target2:0:0: asynchronous
[    1.892301] scsi 2:0:1:0: Direct-Access     VBOX     HARDDISK         1.0  PQ: 0 ANSI: 5
[    1.894129] scsi target2:0:1: Beginning Domain Validation
[    1.908153] scsi target2:0:1: Domain Validation skipping write tests
[    1.909811] scsi target2:0:1: Ending Domain Validation
[    1.911452] scsi target2:0:1: asynchronous
[    1.969403] sd 2:0:0:0: Attached scsi generic sg0 type 0
[    1.970733] sd 2:0:0:0: [sda] 20971520 512-byte logical blocks: (10.7 GB/10.0 GiB)
[    1.972857] sd 2:0:1:0: [sdb] 20480 512-byte logical blocks: (10.5 MB/10.0 MiB)
[    1.974620] sd 2:0:1:0: Attached scsi generic sg1 type 0
[    1.976022] sd 2:0:1:0: [sdb] Write Protect is off
[    1.977341] sd 2:0:0:0: [sda] Write Protect is off
[    1.978580] sd 2:0:0:0: [sda] Incomplete mode parameter data
[    1.979829] sd 2:0:0:0: [sda] Assuming drive cache: write through
[    1.981071] sd 2:0:1:0: [sdb] Incomplete mode parameter data
[    1.982225] sd 2:0:1:0: [sdb] Assuming drive cache: write through
[    1.989746]  sda: sda1
[    1.990863] sd 2:0:0:0: [sda] Attached SCSI disk
[    2.013347] sd 2:0:1:0: [sdb] Attached SCSI disk
[    2.283643] e1000 0000:00:08.0 eth1: (PCI:33MHz:32-bit) 08:00:27:5a:ad:0e
[    2.285164] e1000 0000:00:08.0 eth1: Intel(R) PRO/1000 Network Connection
[    2.287689] e1000 0000:00:08.0 enp0s8: renamed from eth1
[    2.290845] e1000 0000:00:03.0 enp0s3: renamed from eth0
Begin: Loading essential drivers ... [    3.640463] md: linear personality registered for level -1
[    3.645123] md: multipath personality registered for level -4
[    3.649398] md: raid0 personality registered for level 0
[    3.655034] md: raid1 personality registered for level 1
[    3.734493] raid6: sse2x1   gen()  8606 MB/s
[    3.814490] raid6: sse2x1   xor()  6527 MB/s
[    3.894488] raid6: sse2x2   gen() 10663 MB/s
[    3.974524] raid6: sse2x2   xor()  6981 MB/s
[    4.054523] raid6: sse2x4   gen() 11319 MB/s
[    4.130931] raid6: sse2x4   xor()  8680 MB/s
[    4.211548] raid6: avx2x1   gen() 17079 MB/s
[    4.294513] raid6: avx2x2   gen() 20468 MB/s
[    4.374517] raid6: avx2x4   gen() 22304 MB/s
[    4.375524] raid6: using algorithm avx2x4 gen() 22304 MB/s
[    4.376645] raid6: using avx2x2 recovery algorithm
[    4.380144] xor: automatically using best checksumming function:
[    4.464537]    avx       : 51813.000 MB/sec
[    4.467494] async_tx: api initialized (async)
[    4.483235] md: raid6 personality registered for level 6
[    4.484524] md: raid5 personality registered for level 5
[    4.485770] md: raid4 personality registered for level 4
[    4.494276] md: raid10 personality registered for level 10
done.
Begin: Running /scripts/init-premount ... done.
Begin: Mounting root file system ... Begin: Running /scripts/local-top ... done.
Begin: Running /scripts/local-premount ... [    4.535128] Btrfs loaded
Scanning for Btrfs filesystems
done.
Warning: fsck not present, so skipping root file system
[    4.585650] EXT4-fs (sda1): INFO: recovery required on readonly filesystem
[    4.587120] EXT4-fs (sda1): write access will be enabled during recovery
[    4.837262] EXT4-fs (sda1): recovery complete
[    4.838733] EXT4-fs (sda1): mounted filesystem with ordered data mode. Opts: (null)
done.
Begin: Running /scripts/local-bottom ... done.
Begin: Running /scripts/init-bottom ... done.
[    5.384418] systemd[1]: systemd 229 running in system mode. (+PAM +AUDIT +SELINUX +IMA +APPARMOR +SMACK +SYSVINIT +UTMP +LIBCRYPTSETUP +GCRYPT +GNUTLS +ACL +XZ -LZ4 +SECCOMP +BLKID +ELFUTILS +KMOD -IDN)
[    5.390379] systemd[1]: Detected virtualization oracle.
[    5.391682] systemd[1]: Detected architecture x86-64.

Welcome to [1mUbuntu 16.04.6 LTS[0m!

[    5.411004] systemd[1]: Set hostname to <worker1>.
[    5.536658] random: nonblocking pool is initialized
[    5.940207] systemd[1]: Started Forward Password Requests to Wall Directory Watch.
[[0;32m  OK  [0m] Started Forward Password Requests to Wall Directory Watch.
[    5.944429] systemd[1]: Created slice System Slice.
[[0;32m  OK  [0m] Created slice System Slice.
[    5.951592] systemd[1]: Created slice system-serial\x2dgetty.slice.
[[0;32m  OK  [0m] Created slice system-serial\x2dgetty.slice.
[    5.954555] systemd[1]: Reached target User and Group Name Lookups.
[[0;32m  OK  [0m] Reached target User and Group Name Lookups.
[    5.957469] systemd[1]: Reached target System Time Synchronized.
[[0;32m  OK  [0m] Reached target System Time Synchronized.
[    5.960271] systemd[1]: Reached target Swap.
[[0;32m  OK  [0m] Reached target Swap.
[    5.962533] systemd[1]: Listening on udev Kernel Socket.
[[0;32m  OK  [0m] Listening on udev Kernel Socket.
[    5.965202] systemd[1]: Listening on LVM2 metadata daemon socket.
[[0;32m  OK  [0m] Listening on LVM2 metadata daemon socket.
[    5.975243] systemd[1]: Started Trigger resolvconf update for networkd DNS.
[[0;32m  OK  [0m] Started Trigger resolvconf update for networkd DNS.
[    5.978399] systemd[1]: Listening on Journal Audit Socket.
[[0;32m  OK  [0m] Listening on Journal Audit Socket.
[    5.981141] systemd[1]: Reached target Encrypted Volumes.
[[0;32m  OK  [0m] Reached target Encrypted Volumes.
[    5.984102] systemd[1]: Listening on Journal Socket (/dev/log).
[[0;32m  OK  [0m] Listening on Journal Socket (/dev/log).
[    5.987078] systemd[1]: Listening on LVM2 poll daemon socket.
[[0;32m  OK  [0m] Listening on LVM2 poll daemon socket.
[    5.989846] systemd[1]: Listening on Journal Socket.
[[0;32m  OK  [0m] Listening on Journal Socket.
[    5.993319] systemd[1]: Mounting Huge Pages File System...
         Mounting Huge Pages File System...
[    6.004645] systemd[1]: Starting Remount Root and Kernel File Systems...
         Starting Remount Root and Kernel File Systems...
[    6.011298] systemd[1]: Starting Set console keymap...
         Starting Set console keymap...
[    6.018920] systemd[1]: Starting Create list of required static device nodes for the current kernel...
         Starting Create list of required st... nodes for the current kernel...
[    6.028657] systemd[1]: Mounting Debug File System...
         Mounting Debug File System...
[    6.034494] systemd[1]: Starting Nameserver information manager...
         Starting Nameserver information manager...
[    6.066616] systemd[1]: Starting Load Kernel Modules...
         Starting Load Kernel Modules...
[    6.074787] systemd[1]: Listening on Device-mapper event daemon FIFOs.
[[0;32m  OK  [0m] Listening on Device-mapper event daemon FIFOs.
[    6.083673] systemd[1]: Starting Monitoring of LVM2 mirrors, snapshots etc. using dmeventd or progress polling...
         Starting Monitoring of LVM2 mirrors... dmeventd or progress polling...
[    6.089052] systemd[1]: Listening on Syslog Socket.
[[0;32m  OK  [0m] Listening on Syslog Socket.[    6.092414] EXT4-fs (sda1): re-mounted. Opts: (null)

[    6.096957] systemd[1]: Starting Journal Service...
         Starting Journal Service...
[    6.103056] systemd[1]: Mounting POSIX Message Queue File System...
         Mounting POSIX Message Queue File System...
[    6.109411] systemd[1]: Set up automount Arbitrary Executable File Formats File System Automount Point.
[[0;32m  OK  [0m] Set up automount Arbitrary Executab...ats File System Automount Point.
[    6.130973] systemd[1]: Listening on udev Control Socket.
[[0;32m  OK  [0m] Listening on udev Control Socket.
[    6.134852] systemd[1]: Created slice User and Session Slice.
[    6.140502] Loading iSCSI transport class v2.0-870.
[[0;32m  OK  [0m] Created slice User and Session Slice.
[    6.143391] systemd[1]: Reached target Slices.
[[0;32m  OK  [0m] Reached target Slices.
[    6.151436] systemd[1]: Listening on /dev/initctl Compatibility Named Pipe.
[[0;32m  OK  [0m] Listening on /dev/initctl Compatibility Named Pipe.
[    6.155803] systemd[1]: Starting Uncomplicated firewall...
         Starting Uncomplicated firewall...
[    6.165945] systemd[1]: Mounted Debug File System.
[[0;32m  OK  [0m] Mounted Debug File System.
[    6.168684] systemd[1]: Mounted POSIX Message Queue File System.
[[0;32m  OK  [0m] Mounted POSIX Message Queue File System.
[    6.176870] systemd[1]: Mounted Huge Pages File System.
[[0;32m  OK  [0m] Mounted Huge Pages File System.
[    6.185650] systemd[1]: Started Remount Root and Kernel File Systems.
[[0;32m  OK  [0m] Started Remount Root and Kernel File Systems.
[    6.195928] systemd[1]: Started Create list of required static device nodes for the current kernel.
[[0;32m  OK  [0m] Started Create list of required sta...ce nodes for the current kernel.
[    6.240069] systemd[1]: Started Uncomplicated firewall.
[    6.243142] iscsi: registered transport (tcp)
[[0;32m  OK  [0m] Started Uncomplicated firewall.
[    6.251726] systemd[1]: Started Nameserver information manager.
[[0;32m  OK  [0m] Started Nameserver information manager.
[    6.258528] systemd[1]: Started Set console keymap.
[[0;32m  OK  [0m] Started Set console keymap.
[    6.297933] systemd[1]: Starting Create Static Device Nodes in /dev...
         Starting Create Static Device Nodes in /dev...
[    6.320886] systemd[1]: Starting udev Coldplug all Devices...
         Starting udev Coldplug all Devices...
[    6.324847] systemd[1]: Starting Load/Save Random Seed...
         Starting Load/Save Random Seed...
[    6.356109] systemd[1]: Started LVM2 metadata daemon.
[[0;32m  OK  [0m] Started LVM2 metadata daemon.
[    6.363808] systemd[1]: Started Load/Save Random Seed.
[[0;32m  OK  [0m] Started Load/Save Random Seed.
[    6.401038] systemd[1]: Started Journal Service.
[[0;32m  OK  [0m] Started Journal Service.
         Starting Flush Journal to Persistent Storage...
[    6.437750] iscsi: registered transport (iser)
[[0;32m  OK  [0m] Started Load Kernel Modules.
         Mounting FUSE Control File System...
         Starting Apply Kernel Variables...
[[0;32m  OK  [0m] Mounted FUSE Control File System.
[[0;32m  OK  [0m] Started udev Coldplug all Devices.
[    6.471760] systemd-journald[394]: Received request to flush runtime journal from PID 1
[[0;32m  OK  [0m] Started Flush Journal to Persistent Storage.
[[0;32m  OK  [0m] Started Apply Kernel Variables.
[[0;32m  OK  [0m] Started Create Static Device Nodes in /dev.
         Starting udev Kernel Device Manager...
[[0;32m  OK  [0m] Started Monitoring of LVM2 mirrors,...ng dmeventd or progress polling.
[[0;32m  OK  [0m] Reached target Local File Systems (Pre).
[[0;32m  OK  [0m] Reached target Local File Systems.
         Starting Create Volatile Files and Directories...
         Starting LSB: AppArmor initialization...
         Starting Set console font and keymap...
         Starting Initial cloud-init job (pre-networking)...
         Starting Tell Plymouth To Write Out Runtime Data...
[[0;32m  OK  [0m] Started udev Kernel Device Manager.
[[0;32m  OK  [0m] Started Dispatch Password Requests to Console Directory Watch.
[[0;32m  OK  [0m] Started Create Volatile Files and Directories.
         Starting Update UTMP about System Boot/Shutdown...
[[0;32m  OK  [0m] Started Tell Plymouth To Write Out Runtime Data.
[[0;32m  OK  [0m] Started Update UTMP about System Boot/Shutdown.
[[0;32m  OK  [0m] Found device /dev/ttyS0.
[[0;32m  OK  [0m] Listening on Load/Save RF Kill Switch Status /dev/rfkill Watch.
[[0;32m  OK  [0m] Found device 82540EM Gigabit Ethern...r (PRO/1000 MT Desktop Adapter).
[[0;32m  OK  [0m] Found device 82540EM Gigabit Ethern...r (PRO/1000 MT Desktop Adapter).
[[0;32m  OK  [0m] Started Set console font and keymap.
[[0;32m  OK  [0m] Created slice system-getty.slice.
[[0;32m  OK  [0m] Started LSB: AppArmor initialization.
[   13.785761] cloud-init[480]: Cloud-init v. 19.1-1-gbaa47854-0ubuntu1~16.04.1 running 'init-local' at Sun, 28 Jul 2019 18:19:29 +0000. Up 12.51 seconds.
[[0;32m  OK  [0m] Started Initial cloud-init job (pre-networking).
[[0;32m  OK  [0m] Reached target Network (Pre).
[[0;32m  OK  [0m] Started ifup for enp0s3.
         Starting Raise network interfaces...
[[0;32m  OK  [0m] Started ifup for enp0s8.
[[0;32m  OK  [0m] Started Raise network interfaces.
[[0;32m  OK  [0m] Reached target Network.
         Starting Initial cloud-init job (metadata service crawler)...
[   17.011573] cloud-init[1087]: Cloud-init v. 19.1-1-gbaa47854-0ubuntu1~16.04.1 running 'init' at Sun, 28 Jul 2019 18:19:31 +0000. Up 14.62 seconds.
[   17.014040] cloud-init[1087]: ci-info: ++++++++++++++++++++++++++++++++++++++Net device info+++++++++++++++++++++++++++++++++++++++
[   17.020946] cloud-init[1087]: ci-info: +--------+------+-----------------------------+---------------+--------+-------------------+
[   17.023568] cloud-init[1087]: ci-info: | Device |  Up  |           Address           |      Mask     | Scope  |     Hw-Address    |
[   17.028445] cloud-init[1087]: ci-info: +--------+------+-----------------------------+---------------+--------+-------------------+
[   17.030623] cloud-init[1087]: ci-info: | enp0s3 | True |          10.0.2.15          | 255.255.255.0 | global | 02:26:20:ce:de:47 |
[   17.042145] cloud-init[1087]: ci-info: | enp0s3 | True |  fe80::26:20ff:fece:de47/64 |       .       |  link  | 02:26:20:ce:de:47 |
[   17.044419] cloud-init[1087]: ci-info: | enp0s8 | True |         192.168.1.19        | 255.255.255.0 | global | 08:00:27:5a:ad:0e |
[   17.046441] cloud-init[1087]: ci-info: | enp0s8 | True | fe80::a00:27ff:fe5a:ad0e/64 |       .       |  link  | 08:00:27:5a:ad:0e |
[   17.048093] cloud-init[1087]: ci-info: |   lo   | True |          127.0.0.1          |   255.0.0.0   |  host  |         .         |
[   17.049722] cloud-init[1087]: ci-info: |   lo   | True |           ::1/128           |       .       |  host  |         .         |
[   17.052369] cloud-init[1087]: ci-info: +--------+------+-----------------------------+---------------+--------+-------------------+
[   17.053945] cloud-init[1087]: ci-info: +++++++++++++++++++++++++++Route IPv4 info++++++++++++++++++++++++++++
[   17.061910] cloud-init[1087]: ci-info: +-------+-------------+----------+---------------+-----------+-------+
[   17.063846] cloud-init[1087]: ci-info: | Route | Destination | Gateway  |    Genmask    | Interface | Flags |
[   17.068849] cloud-init[1087]: ci-info: +-------+-------------+----------+---------------+-----------+-------+
[   17.072272] cloud-init[1087]: ci-info: |   0   |   0.0.0.0   | 10.0.2.2 |    0.0.0.0    |   enp0s3  |   UG  |
[   17.076672] cloud-init[1087]: ci-info: |   1   |   10.0.2.0  | 0.0.0.0  | 255.255.255.0 |   enp0s3  |   U   |
[   17.079947] cloud-init[1087]: ci-info: |   2   | 192.168.1.0 | 0.0.0.0  | 255.255.255.0 |   enp0s8  |   U   |
[   17.084932] cloud-init[1087]: ci-info: +-------+-------------+----------+---------------+-----------+-------+
[   17.086535] cloud-init[1087]: ci-info: +++++++++++++++++++Route IPv6 info+++++++++++++++++++
[   17.092391] cloud-init[1087]: ci-info: +-------+-------------+---------+-----------+-------+
[   17.093930] cloud-init[1087]: ci-info: | Route | Destination | Gateway | Interface | Flags |
[   17.096418] cloud-init[1087]: ci-info: +-------+-------------+---------+-----------+-------+
[   17.111915] cloud-init[1087]: ci-info: |   0   |  fe80::/64  |    ::   |   enp0s8  |   U   |
[   17.113881] cloud-init[1087]: ci-info: |   1   |  fe80::/64  |    ::   |   enp0s3  |   U   |
[   17.116593] cloud-init[1087]: ci-info: |   4   |   ff00::/8  |    ::   |   enp0s8  |   U   |
[   17.118633] cloud-init[1087]: ci-info: |   5   |   ff00::/8  |    ::   |   enp0s3  |   U   |
[   17.119842] cloud-init[1087]: ci-info: +-------+-------------+---------+-----------+-------+
[[0;32m  OK  [0m] Started Initial cloud-init job (metadata service crawler).
[[0;32m  OK  [0m] Reached target Cloud-config availability.
[[0;32m  OK  [0m] Reached target System Initialization.
[[0;32m  OK  [0m] Started Daily apt download activities.
         Starting Docker Socket for the API.
[[0;32m  OK  [0m] Listening on UUID daemon activation socket.
[[0;32m  OK  [0m] Started ACPI Events Check.
[[0;32m  OK  [0m] Reached target Paths.
         Starting Socket activation for snappy daemon.
[[0;32m  OK  [0m] Started Daily apt upgrade and clean activities.
[[0;32m  OK  [0m] Listening on D-Bus System Message Bus Socket.
[[0;32m  OK  [0m] Started Daily Cleanup of Temporary Directories.
[[0;32m  OK  [0m] Reached target Timers.
         Starting LXD - unix socket.
[[0;32m  OK  [0m] Listening on ACPID Listen Socket.
[[0;32m  OK  [0m] Reached target Network is Online.
         Starting iSCSI initiator daemon (iscsid)...
[[0;32m  OK  [0m] Listening on Docker Socket for the API.
[[0;32m  OK  [0m] Listening on Socket activation for snappy daemon.
[[0;32m  OK  [0m] Listening on LXD - unix socket.
[[0;32m  OK  [0m] Reached target Sockets.
[[0;32m  OK  [0m] Reached target Basic System.
[[0;32m  OK  [0m] Started FUSE filesystem for LXC.
         Starting LSB: MD monitoring daemon...
         Starting containerd container runtime...
         Starting OpenBSD Secure Shell server...
         Starting Login Service...
[[0;32m  OK  [0m] Started ACPI event daemon.
[[0;32m  OK  [0m] Started D-Bus System Message Bus.
         Starting LSB: Record successful boot for GRUB...
         Starting Accounts Service...
         Starting System Logging Service...
[[0;32m  OK  [0m] Started Regular background program processing daemon.
         Starting Virtualbox guest utils...
         Starting Snappy daemon...
         Starting LXD - container startup/shutdown...
[[0;32m  OK  [0m] Started Deferred execution scheduler.
         Starting /etc/rc.local Compatibility...
[[0;32m  OK  [0m] Started containerd container runtime.
[[0;32m  OK  [0m] Started /etc/rc.local Compatibility.
[[0;32m  OK  [0m] Started OpenBSD Secure Shell server.
[[0;32m  OK  [0m] Started Login Service.
[[0;32m  OK  [0m] Started Unattended Upgrades Shutdown.
         Starting Docker Application Container Engine...
[[0;32m  OK  [0m] Started iSCSI initiator daemon (iscsid).
         Starting Login to default iSCSI targets...
[[0;32m  OK  [0m] Started System Logging Service.
[[0;32m  OK  [0m] Started LSB: Record successful boot for GRUB.
[[0;32m  OK  [0m] Started LSB: MD monitoring daemon.
[[0;32m  OK  [0m] Started Login to default iSCSI targets.
[[0;32m  OK  [0m] Reached target Remote File Systems (Pre).
[[0;32m  OK  [0m] Reached target Remote File Systems.
         Starting LSB: automatic crash report generation...
         Starting LSB: Set the CPU Frequency Scaling governor to "ondemand"...
         Starting Permit User Sessions...
         Starting LSB: daemon to balance interrupts for SMP systems...
[[0;32m  OK  [0m] Started LSB: Set the CPU Frequency Scaling governor to "ondemand".
[[0;32m  OK  [0m] Started LSB: daemon to balance interrupts for SMP systems.
[[0;32m  OK  [0m] Started Permit User Sessions.
         Starting Terminate Plymouth Boot Screen...
         Starting Hold until boot process finishes up...
[[0;32m  OK  [0m] Started Hold until boot process finishes up.
[[0;32m  OK  [0m] Started Terminate Plymouth Boot Screen.
[[0;32m  OK  [0m] Started Serial Getty on ttyS0.
         Starting Set console scheme...
[[0;32m  OK  [0m] Started Getty on tty1.
[[0;32m  OK  [0m] Reached target Login Prompts.
[[0;32m  OK  [0m] Started Set console scheme.
         Starting Authenticate and Authorize Users to Run Privileged Tasks...
[[0;32m  OK  [0m] Started LSB: automatic crash report generation.
[[0;32m  OK  [0m] Started Virtualbox guest utils.
[[0;32m  OK  [0m] Started Authenticate and Authorize Users to Run Privileged Tasks.
[[0;32m  OK  [0m] Started Accounts Service.
[[0;32m  OK  [0m] Started Snappy daemon.
         Starting Wait until snapd is fully seeded...
[[0;32m  OK  [0m] Started Wait until snapd is fully seeded.
         Starting Apply the settings specified in cloud-config...
[[0;32m  OK  [0m] Started LXD - container startup/shutdown.
[   23.499116] cloud-init[1365]: Cloud-init v. 19.1-1-gbaa47854-0ubuntu1~16.04.1 running 'modules:config' at Sun, 28 Jul 2019 18:19:39 +0000. Up 23.15 seconds.
[[0;32m  OK  [0m] Started Apply the settings specified in cloud-config.

Ubuntu 16.04.6 LTS worker1 ttyS0

worker1 login: [   32.302493] cloud-init[1585]: Cloud-init v. 19.1-1-gbaa47854-0ubuntu1~16.04.1 running 'modules:final' at Sun, 28 Jul 2019 18:19:48 +0000. Up 31.51 seconds.
[   32.305025] cloud-init[1585]: Cloud-init v. 19.1-1-gbaa47854-0ubuntu1~16.04.1 finished at Sun, 28 Jul 2019 18:19:49 +0000. Datasource DataSourceNoCloud [seed=/dev/sdb][dsmode=net].  Up 32.28 seconds
